[0.042s] Invoking command in '/home/aman/catalyst-manipulation/build/catalyst_interfaces': CMAKE_PREFIX_PATH=/opt/ros/humble /usr/bin/cmake /home/aman/catalyst-manipulation/ros2_ws/src/catalyst_interfaces -DAMENT_CMAKE_SYMLINK_INSTALL=1 -DCMAKE_INSTALL_PREFIX=/home/aman/catalyst-manipulation/install/catalyst_interfaces
[0.426s] -- The C compiler identification is GNU 11.4.0
[0.426s] -- The CXX compiler identification is GNU 11.4.0
[0.426s] -- Detecting C compiler ABI info
[0.427s] -- Detecting C compiler ABI info - done
[0.427s] -- Check for working C compiler: /usr/bin/cc - skipped
[0.427s] -- Detecting C compile features
[0.428s] -- Detecting C compile features - done
[0.428s] -- Detecting CXX compiler ABI info
[0.428s] -- Detecting CXX compiler ABI info - done
[0.428s] -- Check for working CXX compiler: /usr/bin/c++ - skipped
[0.428s] -- Detecting CXX compile features
[0.428s] -- Detecting CXX compile features - done
[0.429s] -- Found ament_cmake: 1.3.12 (/opt/ros/humble/share/ament_cmake/cmake)
[0.621s] -- Found Python3: /usr/bin/python3 (found version "3.10.12") found components: Interpreter 
[0.720s] -- Override CMake install command with custom implementation using symlinks instead of copying resources
[0.767s] -- Found rosidl_default_generators: 1.2.0 (/opt/ros/humble/share/rosidl_default_generators/cmake)
[0.771s] -- Using all available rosidl_typesupport_c: rosidl_typesupport_fastrtps_c;rosidl_typesupport_introspection_c
[0.780s] -- Found rosidl_adapter: 3.1.8 (/opt/ros/humble/share/rosidl_adapter/cmake)
[0.851s] -- Using all available rosidl_typesupport_cpp: rosidl_typesupport_fastrtps_cpp;rosidl_typesupport_introspection_cpp
[1.457s] -- Found ament_cmake_ros: 0.10.0 (/opt/ros/humble/share/ament_cmake_ros/cmake)
[2.155s] -- Using all available rosidl_typesupport_c: rosidl_typesupport_fastrtps_c;rosidl_typesupport_introspection_c
[3.295s] -- Using all available rosidl_typesupport_cpp: rosidl_typesupport_fastrtps_cpp;rosidl_typesupport_introspection_cpp
[3.457s] -- Found PythonInterp: /usr/bin/python3 (found suitable version "3.10.12", minimum required is "3.6") 
[3.470s] -- Found python_cmake_module: 0.10.0 (/opt/ros/humble/share/python_cmake_module/cmake)
[3.546s] -- Found PythonLibs: /usr/lib/x86_64-linux-gnu/libpython3.10.so (found suitable version "3.10.12", minimum required is "3.5") 
[3.547s] -- Using PYTHON_EXECUTABLE: /usr/bin/python3
[3.548s] -- Using PYTHON_INCLUDE_DIRS: /usr/include/python3.10
[3.550s] -- Using PYTHON_LIBRARIES: /usr/lib/x86_64-linux-gnu/libpython3.10.so
[3.762s] -- Found PythonExtra: .so  
[4.014s] -- Configuring done
[4.250s] -- Generating done
[4.346s] -- Build files have been written to: /home/aman/catalyst-manipulation/build/catalyst_interfaces
[4.478s] Invoked command in '/home/aman/catalyst-manipulation/build/catalyst_interfaces' returned '0': CMAKE_PREFIX_PATH=/opt/ros/humble /usr/bin/cmake /home/aman/catalyst-manipulation/ros2_ws/src/catalyst_interfaces -DAMENT_CMAKE_SYMLINK_INSTALL=1 -DCMAKE_INSTALL_PREFIX=/home/aman/catalyst-manipulation/install/catalyst_interfaces
[4.481s] Invoking command in '/home/aman/catalyst-manipulation/build/catalyst_interfaces': CMAKE_PREFIX_PATH=/opt/ros/humble /usr/bin/cmake --build /home/aman/catalyst-manipulation/build/catalyst_interfaces -- -j16 -l16
[4.809s] [  3%] [34m[1mGenerating C code for ROS interfaces[0m
[4.811s] [  6%] [34m[1mGenerating C++ code for ROS interfaces[0m
[4.842s] [  6%] Built target ament_cmake_python_symlink_catalyst_interfaces
[5.612s] running egg_info
[5.613s] creating catalyst_interfaces.egg-info
[5.614s] writing catalyst_interfaces.egg-info/PKG-INFO
[5.615s] writing dependency_links to catalyst_interfaces.egg-info/dependency_links.txt
[5.615s] writing top-level names to catalyst_interfaces.egg-info/top_level.txt
[5.615s] writing manifest file 'catalyst_interfaces.egg-info/SOURCES.txt'
[5.620s] reading manifest file 'catalyst_interfaces.egg-info/SOURCES.txt'
[5.625s] writing manifest file 'catalyst_interfaces.egg-info/SOURCES.txt'
[5.727s] [  6%] Built target ament_cmake_python_build_catalyst_interfaces_egg
[5.728s] [  9%] [32mBuilding C object CMakeFiles/catalyst_interfaces__rosidl_generator_c.dir/rosidl_generator_c/catalyst_interfaces/srv/detail/gripper_command__functions.c.o[0m
[5.732s] [  9%] Built target catalyst_interfaces__cpp
[5.750s] [ 12%] [34m[1mGenerating C++ type support for eProsima Fast-RTPS[0m
[5.751s] [ 19%] [34m[1mGenerating C++ type support dispatch for ROS interfaces[0m
[5.752s] [ 19%] [34m[1mGenerating C++ introspection for ROS interfaces[0m
[5.843s] [ 22%] [32m[1mLinking C shared library libcatalyst_interfaces__rosidl_generator_c.so[0m
[5.940s] [ 22%] Built target catalyst_interfaces__rosidl_generator_c
[5.958s] [ 25%] [34m[1mGenerating C type support dispatch for ROS interfaces[0m
[5.959s] [ 29%] [34m[1mGenerating C type support for eProsima Fast-RTPS[0m
[5.971s] [ 32%] [34m[1mGenerating C introspection for ROS interfaces[0m
[6.222s] [ 35%] [32mBuilding CXX object CMakeFiles/catalyst_interfaces__rosidl_typesupport_cpp.dir/rosidl_typesupport_cpp/catalyst_interfaces/srv/gripper_command__type_support.cpp.o[0m
[6.304s] [ 38%] [32mBuilding CXX object CMakeFiles/catalyst_interfaces__rosidl_typesupport_fastrtps_cpp.dir/rosidl_typesupport_fastrtps_cpp/catalyst_interfaces/srv/detail/dds_fastrtps/gripper_command__type_support.cpp.o[0m
[6.321s] [ 41%] [32mBuilding CXX object CMakeFiles/catalyst_interfaces__rosidl_typesupport_introspection_cpp.dir/rosidl_typesupport_introspection_cpp/catalyst_interfaces/srv/detail/gripper_command__type_support.cpp.o[0m
[6.482s] [ 45%] [32mBuilding CXX object CMakeFiles/catalyst_interfaces__rosidl_typesupport_c.dir/rosidl_typesupport_c/catalyst_interfaces/srv/gripper_command__type_support.cpp.o[0m
[6.524s] [ 48%] [32mBuilding CXX object CMakeFiles/catalyst_interfaces__rosidl_typesupport_fastrtps_c.dir/rosidl_typesupport_fastrtps_c/catalyst_interfaces/srv/detail/gripper_command__type_support_c.cpp.o[0m
[6.547s] [ 51%] [32m[1mLinking CXX shared library libcatalyst_interfaces__rosidl_typesupport_c.so[0m
[6.568s] [ 54%] [32mBuilding C object CMakeFiles/catalyst_interfaces__rosidl_typesupport_introspection_c.dir/rosidl_typesupport_introspection_c/catalyst_interfaces/srv/detail/gripper_command__type_support.c.o[0m
[6.633s] [ 54%] Built target catalyst_interfaces__rosidl_typesupport_c
[6.643s] [ 58%] [32m[1mLinking C shared library libcatalyst_interfaces__rosidl_typesupport_introspection_c.so[0m
[6.719s] [ 58%] Built target catalyst_interfaces__rosidl_typesupport_introspection_c
[6.789s] [ 61%] [32m[1mLinking CXX shared library libcatalyst_interfaces__rosidl_typesupport_cpp.so[0m
[6.876s] [ 61%] Built target catalyst_interfaces__rosidl_typesupport_cpp
[7.069s] [ 64%] [32m[1mLinking CXX shared library libcatalyst_interfaces__rosidl_typesupport_introspection_cpp.so[0m
[7.204s] [ 67%] [32m[1mLinking CXX shared library libcatalyst_interfaces__rosidl_typesupport_fastrtps_cpp.so[0m
[7.219s] [ 70%] [32m[1mLinking CXX shared library libcatalyst_interfaces__rosidl_typesupport_fastrtps_c.so[0m
[7.325s] [ 70%] Built target catalyst_interfaces__rosidl_typesupport_introspection_cpp
[7.430s] [ 70%] Built target catalyst_interfaces__rosidl_typesupport_fastrtps_cpp
[7.460s] [ 70%] Built target catalyst_interfaces__rosidl_typesupport_fastrtps_c
[7.504s] [ 70%] Built target catalyst_interfaces
[7.547s] [ 74%] [34m[1mGenerating Python code for ROS interfaces[0m
[8.186s] [ 74%] Built target catalyst_interfaces__py
[8.229s] [ 77%] [32mBuilding C object CMakeFiles/catalyst_interfaces__rosidl_generator_py.dir/rosidl_generator_py/catalyst_interfaces/srv/_gripper_command_s.c.o[0m
[8.443s] [ 80%] [32m[1mLinking C shared library rosidl_generator_py/catalyst_interfaces/libcatalyst_interfaces__rosidl_generator_py.so[0m
[8.518s] [ 80%] Built target catalyst_interfaces__rosidl_generator_py
[8.558s] [ 87%] [32mBuilding C object CMakeFiles/catalyst_interfaces__rosidl_typesupport_introspection_c__pyext.dir/rosidl_generator_py/catalyst_interfaces/_catalyst_interfaces_s.ep.rosidl_typesupport_introspection_c.c.o[0m
[8.559s] [ 87%] [32mBuilding C object CMakeFiles/catalyst_interfaces__rosidl_typesupport_fastrtps_c__pyext.dir/rosidl_generator_py/catalyst_interfaces/_catalyst_interfaces_s.ep.rosidl_typesupport_fastrtps_c.c.o[0m
[8.559s] [ 90%] [32mBuilding C object CMakeFiles/catalyst_interfaces__rosidl_typesupport_c__pyext.dir/rosidl_generator_py/catalyst_interfaces/_catalyst_interfaces_s.ep.rosidl_typesupport_c.c.o[0m
[8.764s] [ 93%] [32m[1mLinking C shared library rosidl_generator_py/catalyst_interfaces/catalyst_interfaces_s__rosidl_typesupport_introspection_c.cpython-310-x86_64-linux-gnu.so[0m
[8.813s] [ 96%] [32m[1mLinking C shared library rosidl_generator_py/catalyst_interfaces/catalyst_interfaces_s__rosidl_typesupport_fastrtps_c.cpython-310-x86_64-linux-gnu.so[0m
[8.853s] [100%] [32m[1mLinking C shared library rosidl_generator_py/catalyst_interfaces/catalyst_interfaces_s__rosidl_typesupport_c.cpython-310-x86_64-linux-gnu.so[0m
[8.928s] [100%] Built target catalyst_interfaces__rosidl_typesupport_introspection_c__pyext
[8.953s] [100%] Built target catalyst_interfaces__rosidl_typesupport_fastrtps_c__pyext
[9.000s] [100%] Built target catalyst_interfaces__rosidl_typesupport_c__pyext
[9.020s] Invoked command in '/home/aman/catalyst-manipulation/build/catalyst_interfaces' returned '0': CMAKE_PREFIX_PATH=/opt/ros/humble /usr/bin/cmake --build /home/aman/catalyst-manipulation/build/catalyst_interfaces -- -j16 -l16
[9.022s] Invoking command in '/home/aman/catalyst-manipulation/build/catalyst_interfaces': CMAKE_PREFIX_PATH=/opt/ros/humble /usr/bin/cmake --install /home/aman/catalyst-manipulation/build/catalyst_interfaces
[9.031s] -- Install configuration: ""
[9.032s] -- Execute custom install script
[9.033s] -- Symlinking: /home/aman/catalyst-manipulation/install/catalyst_interfaces/share/ament_index/resource_index/rosidl_interfaces/catalyst_interfaces
[9.049s] -- Symlinking: /home/aman/catalyst-manipulation/install/catalyst_interfaces/include/catalyst_interfaces/catalyst_interfaces/msg/rosidl_generator_c__visibility_control.h
[9.075s] -- Symlinking: /home/aman/catalyst-manipulation/install/catalyst_interfaces/include/catalyst_interfaces/catalyst_interfaces/srv/detail/gripper_command__functions.h
[9.090s] -- Symlinking: /home/aman/catalyst-manipulation/install/catalyst_interfaces/include/catalyst_interfaces/catalyst_interfaces/srv/detail/gripper_command__struct.h
[9.113s] -- Symlinking: /home/aman/catalyst-manipulation/install/catalyst_interfaces/include/catalyst_interfaces/catalyst_interfaces/srv/detail/gripper_command__type_support.h
[9.125s] -- Symlinking: /home/aman/catalyst-manipulation/install/catalyst_interfaces/include/catalyst_interfaces/catalyst_interfaces/srv/gripper_command.h
[9.145s] -- Symlinking: /home/aman/catalyst-manipulation/install/catalyst_interfaces/share/catalyst_interfaces/environment/library_path.sh
[9.161s] -- Symlinking: /home/aman/catalyst-manipulation/install/catalyst_interfaces/share/catalyst_interfaces/environment/library_path.dsv
[9.180s] -- Symlinking: /home/aman/catalyst-manipulation/install/catalyst_interfaces/include/catalyst_interfaces/catalyst_interfaces/msg/rosidl_typesupport_fastrtps_c__visibility_control.h
[9.199s] -- Symlinking: /home/aman/catalyst-manipulation/install/catalyst_interfaces/include/catalyst_interfaces/catalyst_interfaces/srv/detail/gripper_command__rosidl_typesupport_fastrtps_c.h
[9.216s] -- Symlinking: /home/aman/catalyst-manipulation/install/catalyst_interfaces/include/catalyst_interfaces/catalyst_interfaces/msg/rosidl_typesupport_introspection_c__visibility_control.h
[9.244s] -- Symlinking: /home/aman/catalyst-manipulation/install/catalyst_interfaces/include/catalyst_interfaces/catalyst_interfaces/srv/detail/gripper_command__rosidl_typesupport_introspection_c.h
[9.255s] -- Symlinking: /home/aman/catalyst-manipulation/install/catalyst_interfaces/include/catalyst_interfaces/catalyst_interfaces/msg/rosidl_generator_cpp__visibility_control.hpp
[9.275s] -- Symlinking: /home/aman/catalyst-manipulation/install/catalyst_interfaces/include/catalyst_interfaces/catalyst_interfaces/srv/detail/gripper_command__builder.hpp
[9.294s] -- Symlinking: /home/aman/catalyst-manipulation/install/catalyst_interfaces/include/catalyst_interfaces/catalyst_interfaces/srv/detail/gripper_command__struct.hpp
[9.313s] -- Symlinking: /home/aman/catalyst-manipulation/install/catalyst_interfaces/include/catalyst_interfaces/catalyst_interfaces/srv/detail/gripper_command__traits.hpp
[9.334s] -- Symlinking: /home/aman/catalyst-manipulation/install/catalyst_interfaces/include/catalyst_interfaces/catalyst_interfaces/srv/detail/gripper_command__type_support.hpp
[9.348s] -- Symlinking: /home/aman/catalyst-manipulation/install/catalyst_interfaces/include/catalyst_interfaces/catalyst_interfaces/srv/gripper_command.hpp
[9.365s] -- Symlinking: /home/aman/catalyst-manipulation/install/catalyst_interfaces/include/catalyst_interfaces/catalyst_interfaces/msg/rosidl_typesupport_fastrtps_cpp__visibility_control.h
[9.383s] -- Symlinking: /home/aman/catalyst-manipulation/install/catalyst_interfaces/include/catalyst_interfaces/catalyst_interfaces/srv/detail/gripper_command__rosidl_typesupport_fastrtps_cpp.hpp
[9.403s] -- Symlinking: /home/aman/catalyst-manipulation/install/catalyst_interfaces/include/catalyst_interfaces/catalyst_interfaces/srv/detail/gripper_command__rosidl_typesupport_introspection_cpp.hpp
[9.427s] -- Symlinking: /home/aman/catalyst-manipulation/install/catalyst_interfaces/share/catalyst_interfaces/environment/pythonpath.sh
[9.445s] -- Symlinking: /home/aman/catalyst-manipulation/install/catalyst_interfaces/share/catalyst_interfaces/environment/pythonpath.dsv
[9.464s] -- Symlinking: /home/aman/catalyst-manipulation/install/catalyst_interfaces/local/lib/python3.10/dist-packages/catalyst_interfaces-0.0.1-py3.10.egg-info/PKG-INFO
[9.481s] -- Symlinking: /home/aman/catalyst-manipulation/install/catalyst_interfaces/local/lib/python3.10/dist-packages/catalyst_interfaces-0.0.1-py3.10.egg-info/SOURCES.txt
[9.500s] -- Symlinking: /home/aman/catalyst-manipulation/install/catalyst_interfaces/local/lib/python3.10/dist-packages/catalyst_interfaces-0.0.1-py3.10.egg-info/dependency_links.txt
[9.517s] -- Symlinking: /home/aman/catalyst-manipulation/install/catalyst_interfaces/local/lib/python3.10/dist-packages/catalyst_interfaces-0.0.1-py3.10.egg-info/top_level.txt
[9.549s] -- Symlinking: /home/aman/catalyst-manipulation/install/catalyst_interfaces/local/lib/python3.10/dist-packages/catalyst_interfaces/__init__.py
[9.567s] -- Symlinking: /home/aman/catalyst-manipulation/install/catalyst_interfaces/local/lib/python3.10/dist-packages/catalyst_interfaces/_catalyst_interfaces_s.ep.rosidl_typesupport_c.c
[9.583s] -- Symlinking: /home/aman/catalyst-manipulation/install/catalyst_interfaces/local/lib/python3.10/dist-packages/catalyst_interfaces/_catalyst_interfaces_s.ep.rosidl_typesupport_fastrtps_c.c
[9.606s] -- Symlinking: /home/aman/catalyst-manipulation/install/catalyst_interfaces/local/lib/python3.10/dist-packages/catalyst_interfaces/_catalyst_interfaces_s.ep.rosidl_typesupport_introspection_c.c
[9.625s] -- Symlinking: /home/aman/catalyst-manipulation/install/catalyst_interfaces/local/lib/python3.10/dist-packages/catalyst_interfaces/catalyst_interfaces_s__rosidl_typesupport_c.cpython-310-x86_64-linux-gnu.so
[9.645s] -- Symlinking: /home/aman/catalyst-manipulation/install/catalyst_interfaces/local/lib/python3.10/dist-packages/catalyst_interfaces/catalyst_interfaces_s__rosidl_typesupport_fastrtps_c.cpython-310-x86_64-linux-gnu.so
[9.663s] -- Symlinking: /home/aman/catalyst-manipulation/install/catalyst_interfaces/local/lib/python3.10/dist-packages/catalyst_interfaces/catalyst_interfaces_s__rosidl_typesupport_introspection_c.cpython-310-x86_64-linux-gnu.so
[9.682s] -- Symlinking: /home/aman/catalyst-manipulation/install/catalyst_interfaces/local/lib/python3.10/dist-packages/catalyst_interfaces/libcatalyst_interfaces__rosidl_generator_py.so
[9.703s] -- Symlinking: /home/aman/catalyst-manipulation/install/catalyst_interfaces/local/lib/python3.10/dist-packages/catalyst_interfaces/srv/__init__.py
[9.719s] -- Symlinking: /home/aman/catalyst-manipulation/install/catalyst_interfaces/local/lib/python3.10/dist-packages/catalyst_interfaces/srv/_gripper_command.py
[9.742s] -- Symlinking: /home/aman/catalyst-manipulation/install/catalyst_interfaces/local/lib/python3.10/dist-packages/catalyst_interfaces/srv/_gripper_command_s.c
[9.757s] -- Up-to-date symlink: /home/aman/catalyst-manipulation/install/catalyst_interfaces/local/lib/python3.10/dist-packages/catalyst_interfaces/catalyst_interfaces_s__rosidl_typesupport_fastrtps_c.cpython-310-x86_64-linux-gnu.so
[9.757s] -- Up-to-date symlink: /home/aman/catalyst-manipulation/install/catalyst_interfaces/local/lib/python3.10/dist-packages/catalyst_interfaces/catalyst_interfaces_s__rosidl_typesupport_introspection_c.cpython-310-x86_64-linux-gnu.so
[9.758s] -- Up-to-date symlink: /home/aman/catalyst-manipulation/install/catalyst_interfaces/local/lib/python3.10/dist-packages/catalyst_interfaces/catalyst_interfaces_s__rosidl_typesupport_c.cpython-310-x86_64-linux-gnu.so
[9.759s] -- Symlinking: /home/aman/catalyst-manipulation/install/catalyst_interfaces/share/catalyst_interfaces/srv/GripperCommand.idl
[9.792s] -- Symlinking: /home/aman/catalyst-manipulation/install/catalyst_interfaces/share/catalyst_interfaces/srv/GripperCommand.srv
[9.815s] -- Symlinking: /home/aman/catalyst-manipulation/install/catalyst_interfaces/share/catalyst_interfaces/srv/GripperCommand_Request.msg
[9.830s] -- Symlinking: /home/aman/catalyst-manipulation/install/catalyst_interfaces/share/catalyst_interfaces/srv/GripperCommand_Response.msg
[9.852s] -- Symlinking: /home/aman/catalyst-manipulation/install/catalyst_interfaces/share/ament_index/resource_index/package_run_dependencies/catalyst_interfaces
[9.879s] -- Symlinking: /home/aman/catalyst-manipulation/install/catalyst_interfaces/share/ament_index/resource_index/parent_prefix_path/catalyst_interfaces
[9.908s] -- Symlinking: /home/aman/catalyst-manipulation/install/catalyst_interfaces/share/catalyst_interfaces/environment/ament_prefix_path.sh
[9.938s] -- Symlinking: /home/aman/catalyst-manipulation/install/catalyst_interfaces/share/catalyst_interfaces/environment/ament_prefix_path.dsv
[9.953s] -- Symlinking: /home/aman/catalyst-manipulation/install/catalyst_interfaces/share/catalyst_interfaces/environment/path.sh
[9.974s] -- Symlinking: /home/aman/catalyst-manipulation/install/catalyst_interfaces/share/catalyst_interfaces/environment/path.dsv
[9.996s] -- Symlinking: /home/aman/catalyst-manipulation/install/catalyst_interfaces/share/catalyst_interfaces/local_setup.bash
[10.012s] -- Symlinking: /home/aman/catalyst-manipulation/install/catalyst_interfaces/share/catalyst_interfaces/local_setup.sh
[10.033s] -- Symlinking: /home/aman/catalyst-manipulation/install/catalyst_interfaces/share/catalyst_interfaces/local_setup.zsh
[10.052s] -- Symlinking: /home/aman/catalyst-manipulation/install/catalyst_interfaces/share/catalyst_interfaces/local_setup.dsv
[10.065s] -- Symlinking: /home/aman/catalyst-manipulation/install/catalyst_interfaces/share/catalyst_interfaces/package.dsv
[10.102s] -- Symlinking: /home/aman/catalyst-manipulation/install/catalyst_interfaces/share/ament_index/resource_index/packages/catalyst_interfaces
[10.138s] -- Symlinking: /home/aman/catalyst-manipulation/install/catalyst_interfaces/share/catalyst_interfaces/cmake/rosidl_cmake-extras.cmake
[10.167s] -- Symlinking: /home/aman/catalyst-manipulation/install/catalyst_interfaces/share/catalyst_interfaces/cmake/ament_cmake_export_include_directories-extras.cmake
[10.203s] -- Symlinking: /home/aman/catalyst-manipulation/install/catalyst_interfaces/share/catalyst_interfaces/cmake/ament_cmake_export_libraries-extras.cmake
[10.249s] -- Symlinking: /home/aman/catalyst-manipulation/install/catalyst_interfaces/share/catalyst_interfaces/cmake/ament_cmake_export_targets-extras.cmake
[10.286s] -- Symlinking: /home/aman/catalyst-manipulation/install/catalyst_interfaces/share/catalyst_interfaces/cmake/rosidl_cmake_export_typesupport_targets-extras.cmake
[10.319s] -- Symlinking: /home/aman/catalyst-manipulation/install/catalyst_interfaces/share/catalyst_interfaces/cmake/ament_cmake_export_dependencies-extras.cmake
[10.354s] -- Symlinking: /home/aman/catalyst-manipulation/install/catalyst_interfaces/share/catalyst_interfaces/cmake/rosidl_cmake_export_typesupport_libraries-extras.cmake
[10.386s] -- Symlinking: /home/aman/catalyst-manipulation/install/catalyst_interfaces/share/catalyst_interfaces/cmake/catalyst_interfacesConfig.cmake
[10.424s] -- Symlinking: /home/aman/catalyst-manipulation/install/catalyst_interfaces/share/catalyst_interfaces/cmake/catalyst_interfacesConfig-version.cmake
[10.458s] -- Symlinking: /home/aman/catalyst-manipulation/install/catalyst_interfaces/share/catalyst_interfaces/package.xml
[10.508s] -- Installing: /home/aman/catalyst-manipulation/install/catalyst_interfaces/lib/libcatalyst_interfaces__rosidl_generator_c.so
[10.518s] -- Set runtime path of "/home/aman/catalyst-manipulation/install/catalyst_interfaces/lib/libcatalyst_interfaces__rosidl_generator_c.so" to ""
[10.518s] -- Installing: /home/aman/catalyst-manipulation/install/catalyst_interfaces/lib/libcatalyst_interfaces__rosidl_typesupport_fastrtps_c.so
[10.518s] -- Set runtime path of "/home/aman/catalyst-manipulation/install/catalyst_interfaces/lib/libcatalyst_interfaces__rosidl_typesupport_fastrtps_c.so" to ""
[10.518s] -- Installing: /home/aman/catalyst-manipulation/install/catalyst_interfaces/lib/libcatalyst_interfaces__rosidl_typesupport_introspection_c.so
[10.519s] -- Set runtime path of "/home/aman/catalyst-manipulation/install/catalyst_interfaces/lib/libcatalyst_interfaces__rosidl_typesupport_introspection_c.so" to ""
[10.520s] -- Installing: /home/aman/catalyst-manipulation/install/catalyst_interfaces/lib/libcatalyst_interfaces__rosidl_typesupport_c.so
[10.522s] -- Set runtime path of "/home/aman/catalyst-manipulation/install/catalyst_interfaces/lib/libcatalyst_interfaces__rosidl_typesupport_c.so" to ""
[10.522s] -- Installing: /home/aman/catalyst-manipulation/install/catalyst_interfaces/lib/libcatalyst_interfaces__rosidl_typesupport_fastrtps_cpp.so
[10.526s] -- Set runtime path of "/home/aman/catalyst-manipulation/install/catalyst_interfaces/lib/libcatalyst_interfaces__rosidl_typesupport_fastrtps_cpp.so" to ""
[10.528s] -- Installing: /home/aman/catalyst-manipulation/install/catalyst_interfaces/lib/libcatalyst_interfaces__rosidl_typesupport_introspection_cpp.so
[10.532s] -- Set runtime path of "/home/aman/catalyst-manipulation/install/catalyst_interfaces/lib/libcatalyst_interfaces__rosidl_typesupport_introspection_cpp.so" to ""
[10.534s] -- Installing: /home/aman/catalyst-manipulation/install/catalyst_interfaces/lib/libcatalyst_interfaces__rosidl_typesupport_cpp.so
[10.535s] -- Set runtime path of "/home/aman/catalyst-manipulation/install/catalyst_interfaces/lib/libcatalyst_interfaces__rosidl_typesupport_cpp.so" to ""
[10.750s] Listing '/home/aman/catalyst-manipulation/install/catalyst_interfaces/local/lib/python3.10/dist-packages/catalyst_interfaces'...
[10.751s] Compiling '/home/aman/catalyst-manipulation/install/catalyst_interfaces/local/lib/python3.10/dist-packages/catalyst_interfaces/__init__.py'...
[10.751s] Listing '/home/aman/catalyst-manipulation/install/catalyst_interfaces/local/lib/python3.10/dist-packages/catalyst_interfaces/srv'...
[10.751s] Compiling '/home/aman/catalyst-manipulation/install/catalyst_interfaces/local/lib/python3.10/dist-packages/catalyst_interfaces/srv/__init__.py'...
[10.751s] Compiling '/home/aman/catalyst-manipulation/install/catalyst_interfaces/local/lib/python3.10/dist-packages/catalyst_interfaces/srv/_gripper_command.py'...
[10.809s] -- Installing: /home/aman/catalyst-manipulation/install/catalyst_interfaces/lib/libcatalyst_interfaces__rosidl_generator_py.so
[10.810s] -- Set runtime path of "/home/aman/catalyst-manipulation/install/catalyst_interfaces/lib/libcatalyst_interfaces__rosidl_generator_py.so" to ""
[10.810s] -- Installing: /home/aman/catalyst-manipulation/install/catalyst_interfaces/share/catalyst_interfaces/cmake/export_catalyst_interfaces__rosidl_generator_cExport.cmake
[10.810s] -- Installing: /home/aman/catalyst-manipulation/install/catalyst_interfaces/share/catalyst_interfaces/cmake/export_catalyst_interfaces__rosidl_generator_cExport-noconfig.cmake
[10.811s] -- Installing: /home/aman/catalyst-manipulation/install/catalyst_interfaces/share/catalyst_interfaces/cmake/export_catalyst_interfaces__rosidl_typesupport_fastrtps_cExport.cmake
[10.811s] -- Installing: /home/aman/catalyst-manipulation/install/catalyst_interfaces/share/catalyst_interfaces/cmake/export_catalyst_interfaces__rosidl_typesupport_fastrtps_cExport-noconfig.cmake
[10.812s] -- Installing: /home/aman/catalyst-manipulation/install/catalyst_interfaces/share/catalyst_interfaces/cmake/catalyst_interfaces__rosidl_typesupport_introspection_cExport.cmake
[10.815s] -- Installing: /home/aman/catalyst-manipulation/install/catalyst_interfaces/share/catalyst_interfaces/cmake/catalyst_interfaces__rosidl_typesupport_introspection_cExport-noconfig.cmake
[10.815s] -- Installing: /home/aman/catalyst-manipulation/install/catalyst_interfaces/share/catalyst_interfaces/cmake/catalyst_interfaces__rosidl_typesupport_cExport.cmake
[10.816s] -- Installing: /home/aman/catalyst-manipulation/install/catalyst_interfaces/share/catalyst_interfaces/cmake/catalyst_interfaces__rosidl_typesupport_cExport-noconfig.cmake
[10.817s] -- Installing: /home/aman/catalyst-manipulation/install/catalyst_interfaces/share/catalyst_interfaces/cmake/export_catalyst_interfaces__rosidl_generator_cppExport.cmake
[10.818s] -- Installing: /home/aman/catalyst-manipulation/install/catalyst_interfaces/share/catalyst_interfaces/cmake/export_catalyst_interfaces__rosidl_typesupport_fastrtps_cppExport.cmake
[10.819s] -- Installing: /home/aman/catalyst-manipulation/install/catalyst_interfaces/share/catalyst_interfaces/cmake/export_catalyst_interfaces__rosidl_typesupport_fastrtps_cppExport-noconfig.cmake
[10.819s] -- Installing: /home/aman/catalyst-manipulation/install/catalyst_interfaces/share/catalyst_interfaces/cmake/catalyst_interfaces__rosidl_typesupport_introspection_cppExport.cmake
[10.820s] -- Installing: /home/aman/catalyst-manipulation/install/catalyst_interfaces/share/catalyst_interfaces/cmake/catalyst_interfaces__rosidl_typesupport_introspection_cppExport-noconfig.cmake
[10.823s] -- Installing: /home/aman/catalyst-manipulation/install/catalyst_interfaces/share/catalyst_interfaces/cmake/catalyst_interfaces__rosidl_typesupport_cppExport.cmake
[10.823s] -- Installing: /home/aman/catalyst-manipulation/install/catalyst_interfaces/share/catalyst_interfaces/cmake/catalyst_interfaces__rosidl_typesupport_cppExport-noconfig.cmake
[10.823s] -- Installing: /home/aman/catalyst-manipulation/install/catalyst_interfaces/share/catalyst_interfaces/cmake/export_catalyst_interfaces__rosidl_generator_pyExport.cmake
[10.824s] -- Installing: /home/aman/catalyst-manipulation/install/catalyst_interfaces/share/catalyst_interfaces/cmake/export_catalyst_interfaces__rosidl_generator_pyExport-noconfig.cmake
[10.856s] Invoked command in '/home/aman/catalyst-manipulation/build/catalyst_interfaces' returned '0': CMAKE_PREFIX_PATH=/opt/ros/humble /usr/bin/cmake --install /home/aman/catalyst-manipulation/build/catalyst_interfaces
