[0.044s] Invoking command in '/home/aman/catalyst-manipulation/build/xarm_sdk': CMAKE_PREFIX_PATH=/opt/ros/humble /usr/bin/cmake /home/aman/catalyst-manipulation/ros2_ws/src/external/xarm_ros2/xarm_sdk -DAMENT_CMAKE_SYMLINK_INSTALL=1 -DCMAKE_INSTALL_PREFIX=/home/aman/catalyst-manipulation/install/xarm_sdk
[0.429s] -- The C compiler identification is GNU 11.4.0
[0.429s] -- The CXX compiler identification is GNU 11.4.0
[0.429s] -- Detecting C compiler ABI info
[0.429s] -- Detecting C compiler ABI info - done
[0.429s] -- Check for working C compiler: /usr/bin/cc - skipped
[0.430s] -- Detecting C compile features
[0.430s] -- Detecting C compile features - done
[0.430s] -- Detecting CXX compiler ABI info
[0.430s] -- Detecting CXX compiler ABI info - done
[0.430s] -- Check for working CXX compiler: /usr/bin/c++ - skipped
[0.430s] -- Detecting CXX compile features
[0.430s] -- Detecting CXX compile features - done
[0.430s] -- Found ament_cmake: 1.3.12 (/opt/ros/humble/share/ament_cmake/cmake)
[0.608s] -- Found Python3: /usr/bin/python3 (found version "3.10.12") found components: Interpreter 
[0.713s] -- Override CMake install command with custom implementation using symlinks instead of copying resources
[0.752s] -- Found ament_lint_auto: 0.12.14 (/opt/ros/humble/share/ament_lint_auto/cmake)
[0.891s] -- Added test 'copyright' to check source files copyright and LICENSE
[0.925s] -- Added test 'cppcheck' to perform static code analysis on C / C++ code
[0.925s] -- Configured cppcheck include dirs: /home/aman/catalyst-manipulation/ros2_ws/src/external/xarm_ros2/xarm_sdk/cxx/include
[0.925s] -- Configured cppcheck exclude dirs and/or files: 
[0.952s] -- Added test 'cpplint' to check C / C++ code against the Google style
[0.952s] -- Configured cpplint exclude dirs and/or files: 
[0.961s] -- Added test 'lint_cmake' to check CMake code style
[0.988s] -- Added test 'uncrustify' to check C / C++ code style
[0.988s] -- Configured uncrustify additional arguments: 
[0.992s] -- Added test 'xmllint' to check XML markup files
[0.996s] -- Configuring done
[1.009s] -- Generating done
[1.012s] -- Build files have been written to: /home/aman/catalyst-manipulation/build/xarm_sdk
[1.020s] Invoked command in '/home/aman/catalyst-manipulation/build/xarm_sdk' returned '0': CMAKE_PREFIX_PATH=/opt/ros/humble /usr/bin/cmake /home/aman/catalyst-manipulation/ros2_ws/src/external/xarm_ros2/xarm_sdk -DAMENT_CMAKE_SYMLINK_INSTALL=1 -DCMAKE_INSTALL_PREFIX=/home/aman/catalyst-manipulation/install/xarm_sdk
[1.023s] Invoking command in '/home/aman/catalyst-manipulation/build/xarm_sdk': CMAKE_PREFIX_PATH=/opt/ros/humble /usr/bin/cmake --build /home/aman/catalyst-manipulation/build/xarm_sdk -- -j16 -l16
[1.098s] [  6%] [32mBuilding CXX object CMakeFiles/xarm_cxx_sdk.dir/cxx/src/serial/impl/list_ports/list_ports_osx.cc.o[0m
[1.099s] [  6%] [32mBuilding CXX object CMakeFiles/xarm_cxx_sdk.dir/cxx/src/serial/impl/win.cc.o[0m
[1.101s] [  9%] [32mBuilding CXX object CMakeFiles/xarm_cxx_sdk.dir/cxx/src/xarm/core/common/queue_memcpy.cc.o[0m
[1.101s] [ 12%] [32mBuilding CXX object CMakeFiles/xarm_cxx_sdk.dir/cxx/src/serial/impl/list_ports/list_ports_win.cc.o[0m
[1.102s] [ 18%] [32mBuilding CXX object CMakeFiles/xarm_cxx_sdk.dir/cxx/src/serial/impl/unix.cc.o[0m
[1.103s] [ 21%] [32mBuilding CXX object CMakeFiles/xarm_cxx_sdk.dir/cxx/src/xarm/core/common/crc16.cc.o[0m
[1.103s] [ 21%] [32mBuilding CXX object CMakeFiles/xarm_cxx_sdk.dir/cxx/src/serial/impl/list_ports/list_ports_linux.cc.o[0m
[1.103s] [ 25%] [32mBuilding CXX object CMakeFiles/xarm_cxx_sdk.dir/cxx/src/serial/serial.cc.o[0m
[1.107s] [ 28%] [32mBuilding CXX object CMakeFiles/xarm_cxx_sdk.dir/cxx/src/xarm/core/connect.cc.o[0m
[1.112s] [ 31%] [32mBuilding CXX object CMakeFiles/xarm_cxx_sdk.dir/cxx/src/xarm/core/instruction/uxbus_cmd.cc.o[0m
[1.124s] [ 34%] [32mBuilding CXX object CMakeFiles/xarm_cxx_sdk.dir/cxx/src/xarm/core/instruction/uxbus_cmd_ser.cc.o[0m
[1.125s] [ 37%] [32mBuilding CXX object CMakeFiles/xarm_cxx_sdk.dir/cxx/src/xarm/core/debug/debug_print.cc.o[0m
[1.125s] [ 40%] [32mBuilding CXX object CMakeFiles/xarm_cxx_sdk.dir/cxx/src/xarm/core/instruction/uxbus_cmd_tcp.cc.o[0m
[1.131s] [ 43%] [32mBuilding CXX object CMakeFiles/xarm_cxx_sdk.dir/cxx/src/xarm/core/os/network.cc.o[0m
[1.153s] [ 46%] [32mBuilding CXX object CMakeFiles/xarm_cxx_sdk.dir/cxx/src/xarm/core/port/ser.cc.o[0m
[1.154s] [ 50%] [32mBuilding CXX object CMakeFiles/xarm_cxx_sdk.dir/cxx/src/xarm/core/report_data.cc.o[0m
[1.155s] [ 53%] [32mBuilding CXX object CMakeFiles/xarm_cxx_sdk.dir/cxx/src/xarm/core/port/socket.cc.o[0m
[1.161s] [ 56%] [32mBuilding CXX object CMakeFiles/xarm_cxx_sdk.dir/cxx/src/xarm/wrapper/xarm_bio.cc.o[0m
[1.170s] [ 59%] [32mBuilding CXX object CMakeFiles/xarm_cxx_sdk.dir/cxx/src/xarm/wrapper/xarm_api.cc.o[0m
[1.221s] [ 62%] [32mBuilding CXX object CMakeFiles/xarm_cxx_sdk.dir/cxx/src/xarm/wrapper/xarm_events.cc.o[0m
[1.236s] [ 65%] [32mBuilding CXX object CMakeFiles/xarm_cxx_sdk.dir/cxx/src/xarm/wrapper/xarm_ft_sensor.cc.o[0m
[1.811s] [ 68%] [32mBuilding CXX object CMakeFiles/xarm_cxx_sdk.dir/cxx/src/xarm/wrapper/xarm_gpio.cc.o[0m
[1.914s] [ 71%] [32mBuilding CXX object CMakeFiles/xarm_cxx_sdk.dir/cxx/src/xarm/wrapper/xarm_gripper.cc.o[0m
[2.055s] [ 75%] [32mBuilding CXX object CMakeFiles/xarm_cxx_sdk.dir/cxx/src/xarm/wrapper/xarm_linear_motor.cc.o[0m
[2.304s] [ 78%] [32mBuilding CXX object CMakeFiles/xarm_cxx_sdk.dir/cxx/src/xarm/wrapper/xarm_modbus_tcp.cc.o[0m
[2.356s] [ 81%] [32mBuilding CXX object CMakeFiles/xarm_cxx_sdk.dir/cxx/src/xarm/wrapper/xarm_motion.cc.o[0m
[2.375s] [ 84%] [32mBuilding CXX object CMakeFiles/xarm_cxx_sdk.dir/cxx/src/xarm/wrapper/xarm_params.cc.o[0m
[2.501s] [ 87%] [32mBuilding CXX object CMakeFiles/xarm_cxx_sdk.dir/cxx/src/xarm/wrapper/xarm_record.cc.o[0m
[2.859s] [ 90%] [32mBuilding CXX object CMakeFiles/xarm_cxx_sdk.dir/cxx/src/xarm/wrapper/xarm_report.cc.o[0m
[2.908s] [ 93%] [32mBuilding CXX object CMakeFiles/xarm_cxx_sdk.dir/cxx/src/xarm/wrapper/xarm_robotiq.cc.o[0m
[3.264s] [ 96%] [32mBuilding CXX object CMakeFiles/xarm_cxx_sdk.dir/cxx/src/xarm/wrapper/xarm_servo.cc.o[0m
[9.054s] [100%] [32m[1mLinking CXX shared library libxarm_cxx_sdk.so[0m
[9.644s] [100%] Built target xarm_cxx_sdk
[9.703s] Invoked command in '/home/aman/catalyst-manipulation/build/xarm_sdk' returned '0': CMAKE_PREFIX_PATH=/opt/ros/humble /usr/bin/cmake --build /home/aman/catalyst-manipulation/build/xarm_sdk -- -j16 -l16
[9.708s] Invoking command in '/home/aman/catalyst-manipulation/build/xarm_sdk': CMAKE_PREFIX_PATH=/opt/ros/humble /usr/bin/cmake --install /home/aman/catalyst-manipulation/build/xarm_sdk
[9.729s] -- Install configuration: ""
[9.730s] -- Execute custom install script
[9.730s] -- Symlinking: /home/aman/catalyst-manipulation/install/xarm_sdk/share/xarm_sdk/environment/library_path.sh
[9.765s] -- Symlinking: /home/aman/catalyst-manipulation/install/xarm_sdk/share/xarm_sdk/environment/library_path.dsv
[9.785s] -- Symlinking: /home/aman/catalyst-manipulation/install/xarm_sdk/cxx/include/serial/impl/unix.h
[9.806s] -- Symlinking: /home/aman/catalyst-manipulation/install/xarm_sdk/cxx/include/serial/impl/win.h
[9.844s] -- Symlinking: /home/aman/catalyst-manipulation/install/xarm_sdk/cxx/include/serial/serial.h
[9.869s] -- Symlinking: /home/aman/catalyst-manipulation/install/xarm_sdk/cxx/include/serial/v8stdint.h
[9.896s] -- Symlinking: /home/aman/catalyst-manipulation/install/xarm_sdk/cxx/include/xarm/core/common/crc16.h
[9.917s] -- Symlinking: /home/aman/catalyst-manipulation/install/xarm_sdk/cxx/include/xarm/core/common/data_type.h
[9.953s] -- Symlinking: /home/aman/catalyst-manipulation/install/xarm_sdk/cxx/include/xarm/core/common/queue_memcpy.h
[9.977s] -- Symlinking: /home/aman/catalyst-manipulation/install/xarm_sdk/cxx/include/xarm/core/connect.h
[9.995s] -- Symlinking: /home/aman/catalyst-manipulation/install/xarm_sdk/cxx/include/xarm/core/debug/debug_print.h
[10.013s] -- Symlinking: /home/aman/catalyst-manipulation/install/xarm_sdk/cxx/include/xarm/core/instruction/servo3_config.h
[10.037s] -- Symlinking: /home/aman/catalyst-manipulation/install/xarm_sdk/cxx/include/xarm/core/instruction/uxbus_cmd.h
[10.056s] -- Symlinking: /home/aman/catalyst-manipulation/install/xarm_sdk/cxx/include/xarm/core/instruction/uxbus_cmd_config.h
[10.070s] -- Symlinking: /home/aman/catalyst-manipulation/install/xarm_sdk/cxx/include/xarm/core/instruction/uxbus_cmd_ser.h
[10.097s] -- Symlinking: /home/aman/catalyst-manipulation/install/xarm_sdk/cxx/include/xarm/core/instruction/uxbus_cmd_tcp.h
[10.129s] -- Symlinking: /home/aman/catalyst-manipulation/install/xarm_sdk/cxx/include/xarm/core/os/bak/thread.h
[10.177s] -- Symlinking: /home/aman/catalyst-manipulation/install/xarm_sdk/cxx/include/xarm/core/os/network.h
[10.232s] -- Symlinking: /home/aman/catalyst-manipulation/install/xarm_sdk/cxx/include/xarm/core/port/ser.h
[10.251s] -- Symlinking: /home/aman/catalyst-manipulation/install/xarm_sdk/cxx/include/xarm/core/port/socket.h
[10.268s] -- Symlinking: /home/aman/catalyst-manipulation/install/xarm_sdk/cxx/include/xarm/core/report_data.h
[10.291s] -- Symlinking: /home/aman/catalyst-manipulation/install/xarm_sdk/cxx/include/xarm/core/xarm_config.h
[10.335s] -- Symlinking: /home/aman/catalyst-manipulation/install/xarm_sdk/cxx/include/xarm/wrapper/common/timer.h
[10.375s] -- Symlinking: /home/aman/catalyst-manipulation/install/xarm_sdk/cxx/include/xarm/wrapper/common/utils.h
[10.417s] -- Symlinking: /home/aman/catalyst-manipulation/install/xarm_sdk/cxx/include/xarm/wrapper/xarm_api.h
[10.463s] -- Symlinking: /home/aman/catalyst-manipulation/install/xarm_sdk/lib/libxarm_cxx_sdk.so
[10.511s] -- Symlinking: /home/aman/catalyst-manipulation/install/xarm_sdk/share/ament_index/resource_index/package_run_dependencies/xarm_sdk
[10.571s] -- Symlinking: /home/aman/catalyst-manipulation/install/xarm_sdk/share/ament_index/resource_index/parent_prefix_path/xarm_sdk
[10.602s] -- Symlinking: /home/aman/catalyst-manipulation/install/xarm_sdk/share/xarm_sdk/environment/ament_prefix_path.sh
[10.635s] -- Symlinking: /home/aman/catalyst-manipulation/install/xarm_sdk/share/xarm_sdk/environment/ament_prefix_path.dsv
[10.666s] -- Symlinking: /home/aman/catalyst-manipulation/install/xarm_sdk/share/xarm_sdk/environment/path.sh
[10.699s] -- Symlinking: /home/aman/catalyst-manipulation/install/xarm_sdk/share/xarm_sdk/environment/path.dsv
[10.737s] -- Symlinking: /home/aman/catalyst-manipulation/install/xarm_sdk/share/xarm_sdk/local_setup.bash
[10.764s] -- Symlinking: /home/aman/catalyst-manipulation/install/xarm_sdk/share/xarm_sdk/local_setup.sh
[10.802s] -- Symlinking: /home/aman/catalyst-manipulation/install/xarm_sdk/share/xarm_sdk/local_setup.zsh
[10.837s] -- Symlinking: /home/aman/catalyst-manipulation/install/xarm_sdk/share/xarm_sdk/local_setup.dsv
[10.880s] -- Symlinking: /home/aman/catalyst-manipulation/install/xarm_sdk/share/xarm_sdk/package.dsv
[10.920s] -- Symlinking: /home/aman/catalyst-manipulation/install/xarm_sdk/share/ament_index/resource_index/packages/xarm_sdk
[10.957s] -- Symlinking: /home/aman/catalyst-manipulation/install/xarm_sdk/share/xarm_sdk/cmake/ament_cmake_export_libraries-extras.cmake
[10.996s] -- Symlinking: /home/aman/catalyst-manipulation/install/xarm_sdk/share/xarm_sdk/cmake/ament_cmake_export_include_directories-extras.cmake
[11.039s] -- Symlinking: /home/aman/catalyst-manipulation/install/xarm_sdk/share/xarm_sdk/cmake/xarm_sdkConfig.cmake
[11.077s] -- Symlinking: /home/aman/catalyst-manipulation/install/xarm_sdk/share/xarm_sdk/cmake/xarm_sdkConfig-version.cmake
[11.122s] -- Symlinking: /home/aman/catalyst-manipulation/install/xarm_sdk/share/xarm_sdk/package.xml
[13.162s] Invoked command in '/home/aman/catalyst-manipulation/build/xarm_sdk' returned '0': CMAKE_PREFIX_PATH=/opt/ros/humble /usr/bin/cmake --install /home/aman/catalyst-manipulation/build/xarm_sdk
