[0.049s] Invoking command in '/home/aman/catalyst-manipulation/build/xarm_description': CMAKE_PREFIX_PATH=/opt/ros/humble /usr/bin/cmake /home/aman/catalyst-manipulation/ros2_ws/src/external/xarm_ros2/xarm_description -DAMENT_CMAKE_SYMLINK_INSTALL=1 -DCMAKE_INSTALL_PREFIX=/home/aman/catalyst-manipulation/install/xarm_description
[0.432s] -- The C compiler identification is GNU 11.4.0
[0.433s] -- The CXX compiler identification is GNU 11.4.0
[0.433s] -- Detecting C compiler ABI info
[0.433s] -- Detecting C compiler ABI info - done
[0.433s] -- Check for working C compiler: /usr/bin/cc - skipped
[0.433s] -- Detecting C compile features
[0.434s] -- Detecting C compile features - done
[0.434s] -- Detecting CXX compiler ABI info
[0.434s] -- Detecting CXX compiler ABI info - done
[0.435s] -- Check for working CXX compiler: /usr/bin/c++ - skipped
[0.436s] -- Detecting CXX compile features
[0.436s] -- Detecting CXX compile features - done
[0.436s] -- Found ament_cmake: 1.3.12 (/opt/ros/humble/share/ament_cmake/cmake)
[0.624s] -- Found Python3: /usr/bin/python3 (found version "3.10.12") found components: Interpreter 
[0.728s] -- Override CMake install command with custom implementation using symlinks instead of copying resources
[0.770s] -- Found ament_lint_auto: 0.12.14 (/opt/ros/humble/share/ament_lint_auto/cmake)
[0.902s] -- Added test 'copyright' to check source files copyright and LICENSE
[0.953s] -- Added test 'flake8' to check Python code syntax and style conventions
[0.959s] -- Added test 'lint_cmake' to check CMake code style
[0.963s] -- Added test 'pep257' to check Python code against some of the docstring style conventions in PEP 257
[0.989s] -- Added test 'xmllint' to check XML markup files
[0.991s] -- Configuring done
[0.997s] -- Generating done
[0.999s] -- Build files have been written to: /home/aman/catalyst-manipulation/build/xarm_description
[1.007s] Invoked command in '/home/aman/catalyst-manipulation/build/xarm_description' returned '0': CMAKE_PREFIX_PATH=/opt/ros/humble /usr/bin/cmake /home/aman/catalyst-manipulation/ros2_ws/src/external/xarm_ros2/xarm_description -DAMENT_CMAKE_SYMLINK_INSTALL=1 -DCMAKE_INSTALL_PREFIX=/home/aman/catalyst-manipulation/install/xarm_description
[1.011s] Invoking command in '/home/aman/catalyst-manipulation/build/xarm_description': CMAKE_PREFIX_PATH=/opt/ros/humble /usr/bin/cmake --build /home/aman/catalyst-manipulation/build/xarm_description -- -j16 -l16
[1.068s] Invoked command in '/home/aman/catalyst-manipulation/build/xarm_description' returned '0': CMAKE_PREFIX_PATH=/opt/ros/humble /usr/bin/cmake --build /home/aman/catalyst-manipulation/build/xarm_description -- -j16 -l16
[1.086s] Invoking command in '/home/aman/catalyst-manipulation/build/xarm_description': CMAKE_PREFIX_PATH=/opt/ros/humble /usr/bin/cmake --install /home/aman/catalyst-manipulation/build/xarm_description
[1.104s] -- Install configuration: ""
[1.104s] -- Execute custom install script
[1.104s] -- Symlinking: /home/aman/catalyst-manipulation/install/xarm_description/share/xarm_description//rviz/display.rviz
[1.128s] -- Symlinking: /home/aman/catalyst-manipulation/install/xarm_description/share/xarm_description//urdf/_private_macro.xacro
[1.159s] -- Symlinking: /home/aman/catalyst-manipulation/install/xarm_description/share/xarm_description//urdf/camera/camera.gazebo.xacro
[1.196s] -- Symlinking: /home/aman/catalyst-manipulation/install/xarm_description/share/xarm_description//urdf/camera/realsense.gazebo.xacro
[1.239s] -- Symlinking: /home/aman/catalyst-manipulation/install/xarm_description/share/xarm_description//urdf/camera/realsense_d435i.urdf.xacro
[1.291s] -- Symlinking: /home/aman/catalyst-manipulation/install/xarm_description/share/xarm_description//urdf/common/common.gazebo.xacro
[1.327s] -- Symlinking: /home/aman/catalyst-manipulation/install/xarm_description/share/xarm_description//urdf/common/common.link.xacro
[1.359s] -- Symlinking: /home/aman/catalyst-manipulation/install/xarm_description/share/xarm_description//urdf/common/common.material.xacro
[1.393s] -- Symlinking: /home/aman/catalyst-manipulation/install/xarm_description/share/xarm_description//urdf/dual_xarm_device.urdf.xacro
[1.440s] -- Symlinking: /home/aman/catalyst-manipulation/install/xarm_description/share/xarm_description//urdf/gripper/bio_gripper.gazebo.xacro
[1.492s] -- Symlinking: /home/aman/catalyst-manipulation/install/xarm_description/share/xarm_description//urdf/gripper/bio_gripper.ros2_control.xacro
[1.531s] -- Symlinking: /home/aman/catalyst-manipulation/install/xarm_description/share/xarm_description//urdf/gripper/bio_gripper.transmission.xacro
[1.552s] -- Symlinking: /home/aman/catalyst-manipulation/install/xarm_description/share/xarm_description//urdf/gripper/bio_gripper.urdf.xacro
[1.570s] -- Symlinking: /home/aman/catalyst-manipulation/install/xarm_description/share/xarm_description//urdf/gripper/bio_gripper_macro.xacro
[1.600s] -- Symlinking: /home/aman/catalyst-manipulation/install/xarm_description/share/xarm_description//urdf/gripper/gripper.urdf.xacro
[1.621s] -- Symlinking: /home/aman/catalyst-manipulation/install/xarm_description/share/xarm_description//urdf/gripper/gripper_macro.xacro
[1.666s] -- Symlinking: /home/aman/catalyst-manipulation/install/xarm_description/share/xarm_description//urdf/gripper/lite_gripper.urdf.xacro
[1.721s] -- Symlinking: /home/aman/catalyst-manipulation/install/xarm_description/share/xarm_description//urdf/gripper/xarm_gripper.gazebo.xacro
[1.725s] -- Symlinking: /home/aman/catalyst-manipulation/install/xarm_description/share/xarm_description//urdf/gripper/xarm_gripper.ros2_control.xacro
[1.745s] -- Symlinking: /home/aman/catalyst-manipulation/install/xarm_description/share/xarm_description//urdf/gripper/xarm_gripper.transmission.xacro
[1.787s] -- Symlinking: /home/aman/catalyst-manipulation/install/xarm_description/share/xarm_description//urdf/gripper/xarm_gripper.urdf.xacro
[1.840s] -- Symlinking: /home/aman/catalyst-manipulation/install/xarm_description/share/xarm_description//urdf/gripper/xarm_gripper_macro.xacro
[1.890s] -- Symlinking: /home/aman/catalyst-manipulation/install/xarm_description/share/xarm_description//urdf/lite6/lite6.gazebo.xacro
[1.923s] -- Symlinking: /home/aman/catalyst-manipulation/install/xarm_description/share/xarm_description//urdf/lite6/lite6.ros2_control.xacro
[1.970s] -- Symlinking: /home/aman/catalyst-manipulation/install/xarm_description/share/xarm_description//urdf/lite6/lite6.transmission.xacro
[2.012s] -- Symlinking: /home/aman/catalyst-manipulation/install/xarm_description/share/xarm_description//urdf/lite6/lite6.urdf.xacro
[2.058s] -- Symlinking: /home/aman/catalyst-manipulation/install/xarm_description/share/xarm_description//urdf/lite6/lite6_robot_macro.xacro
[2.101s] -- Symlinking: /home/aman/catalyst-manipulation/install/xarm_description/share/xarm_description//urdf/other/other_geometry.urdf.xacro
[2.142s] -- Symlinking: /home/aman/catalyst-manipulation/install/xarm_description/share/xarm_description//urdf/uf850/uf850.gazebo.xacro
[2.184s] -- Symlinking: /home/aman/catalyst-manipulation/install/xarm_description/share/xarm_description//urdf/uf850/uf850.ros2_control.xacro
[2.223s] -- Symlinking: /home/aman/catalyst-manipulation/install/xarm_description/share/xarm_description//urdf/uf850/uf850.transmission.xacro
[2.267s] -- Symlinking: /home/aman/catalyst-manipulation/install/xarm_description/share/xarm_description//urdf/uf850/uf850.urdf.xacro
[2.294s] -- Symlinking: /home/aman/catalyst-manipulation/install/xarm_description/share/xarm_description//urdf/uf850/uf850_robot_macro.xacro
[2.328s] -- Symlinking: /home/aman/catalyst-manipulation/install/xarm_description/share/xarm_description//urdf/vacuum_gripper/lite_vacuum_gripper.urdf.xacro
[2.363s] -- Symlinking: /home/aman/catalyst-manipulation/install/xarm_description/share/xarm_description//urdf/vacuum_gripper/vacuum_gripper.urdf.xacro
[2.394s] -- Symlinking: /home/aman/catalyst-manipulation/install/xarm_description/share/xarm_description//urdf/vacuum_gripper/vacuum_gripper_macro.xacro
[2.441s] -- Symlinking: /home/aman/catalyst-manipulation/install/xarm_description/share/xarm_description//urdf/vacuum_gripper/xarm_vacuum_gripper.urdf.xacro
[2.485s] -- Symlinking: /home/aman/catalyst-manipulation/install/xarm_description/share/xarm_description//urdf/xarm5/xarm5.gazebo.xacro
[2.533s] -- Symlinking: /home/aman/catalyst-manipulation/install/xarm_description/share/xarm_description//urdf/xarm5/xarm5.ros2_control.xacro
[2.572s] -- Symlinking: /home/aman/catalyst-manipulation/install/xarm_description/share/xarm_description//urdf/xarm5/xarm5.transmission.xacro
[2.587s] -- Symlinking: /home/aman/catalyst-manipulation/install/xarm_description/share/xarm_description//urdf/xarm5/xarm5.urdf.xacro
[2.609s] -- Symlinking: /home/aman/catalyst-manipulation/install/xarm_description/share/xarm_description//urdf/xarm5/xarm5_robot_macro.xacro
[2.655s] -- Symlinking: /home/aman/catalyst-manipulation/install/xarm_description/share/xarm_description//urdf/xarm6/xarm6.gazebo.xacro
[2.701s] -- Symlinking: /home/aman/catalyst-manipulation/install/xarm_description/share/xarm_description//urdf/xarm6/xarm6.ros2_control.xacro
[2.727s] -- Symlinking: /home/aman/catalyst-manipulation/install/xarm_description/share/xarm_description//urdf/xarm6/xarm6.transmission.xacro
[2.750s] -- Symlinking: /home/aman/catalyst-manipulation/install/xarm_description/share/xarm_description//urdf/xarm6/xarm6.urdf.xacro
[2.799s] -- Symlinking: /home/aman/catalyst-manipulation/install/xarm_description/share/xarm_description//urdf/xarm6/xarm6_robot_macro.xacro
[2.869s] -- Symlinking: /home/aman/catalyst-manipulation/install/xarm_description/share/xarm_description//urdf/xarm7/xarm7.gazebo.xacro
[2.888s] -- Symlinking: /home/aman/catalyst-manipulation/install/xarm_description/share/xarm_description//urdf/xarm7/xarm7.ros2_control.xacro
[2.918s] -- Symlinking: /home/aman/catalyst-manipulation/install/xarm_description/share/xarm_description//urdf/xarm7/xarm7.transmission.xacro
[2.955s] -- Symlinking: /home/aman/catalyst-manipulation/install/xarm_description/share/xarm_description//urdf/xarm7/xarm7.urdf.xacro
[2.990s] -- Symlinking: /home/aman/catalyst-manipulation/install/xarm_description/share/xarm_description//urdf/xarm7/xarm7_robot_macro.xacro
[3.041s] -- Symlinking: /home/aman/catalyst-manipulation/install/xarm_description/share/xarm_description//urdf/xarm7_mirror/xarm7_mirror.gazebo.xacro
[3.092s] -- Symlinking: /home/aman/catalyst-manipulation/install/xarm_description/share/xarm_description//urdf/xarm7_mirror/xarm7_mirror.ros2_control.xacro
[3.151s] -- Symlinking: /home/aman/catalyst-manipulation/install/xarm_description/share/xarm_description//urdf/xarm7_mirror/xarm7_mirror.transmission.xacro
[3.193s] -- Symlinking: /home/aman/catalyst-manipulation/install/xarm_description/share/xarm_description//urdf/xarm7_mirror/xarm7_mirror.urdf.xacro
[3.241s] -- Symlinking: /home/aman/catalyst-manipulation/install/xarm_description/share/xarm_description//urdf/xarm7_mirror/xarm7_mirror_robot_macro.xacro
[3.286s] -- Symlinking: /home/aman/catalyst-manipulation/install/xarm_description/share/xarm_description//urdf/xarm_device.urdf.xacro
[3.322s] -- Symlinking: /home/aman/catalyst-manipulation/install/xarm_description/share/xarm_description//urdf/xarm_device_macro.xacro
[3.376s] -- Symlinking: /home/aman/catalyst-manipulation/install/xarm_description/share/xarm_description//config/kinematics/default/lite6_default_kinematics.yaml
[3.418s] -- Symlinking: /home/aman/catalyst-manipulation/install/xarm_description/share/xarm_description//config/kinematics/default/uf850_default_kinematics.yaml
[3.498s] -- Symlinking: /home/aman/catalyst-manipulation/install/xarm_description/share/xarm_description//config/kinematics/default/xarm5_default_kinematics.yaml
[3.548s] -- Symlinking: /home/aman/catalyst-manipulation/install/xarm_description/share/xarm_description//config/kinematics/default/xarm6_default_kinematics.yaml
[3.577s] -- Symlinking: /home/aman/catalyst-manipulation/install/xarm_description/share/xarm_description//config/kinematics/default/xarm7_default_kinematics.yaml
[3.599s] -- Symlinking: /home/aman/catalyst-manipulation/install/xarm_description/share/xarm_description//config/kinematics/default/xarm7_mirror_default_kinematics.yaml
[3.645s] -- Symlinking: /home/aman/catalyst-manipulation/install/xarm_description/share/xarm_description//config/kinematics/gen_kinematics_params.py
[3.669s] -- Symlinking: /home/aman/catalyst-manipulation/install/xarm_description/share/xarm_description//config/link_inertial/gen_link_inertial_params.py
[3.708s] -- Symlinking: /home/aman/catalyst-manipulation/install/xarm_description/share/xarm_description//config/link_inertial/xarm5_type5_HT_BR.yaml
[3.748s] -- Symlinking: /home/aman/catalyst-manipulation/install/xarm_description/share/xarm_description//config/link_inertial/xarm5_type5_HT_BR2.yaml
[3.808s] -- Symlinking: /home/aman/catalyst-manipulation/install/xarm_description/share/xarm_description//config/link_inertial/xarm5_type5_HT_LD.yaml
[3.869s] -- Symlinking: /home/aman/catalyst-manipulation/install/xarm_description/share/xarm_description//config/link_inertial/xarm5_type5_UJ_BR_2403.yaml
[3.927s] -- Symlinking: /home/aman/catalyst-manipulation/install/xarm_description/share/xarm_description//config/link_inertial/xarm6_type11_HT_LD.yaml
[3.954s] -- Symlinking: /home/aman/catalyst-manipulation/install/xarm_description/share/xarm_description//config/link_inertial/xarm6_type12_HT_LDBR2.yaml
[3.982s] -- Symlinking: /home/aman/catalyst-manipulation/install/xarm_description/share/xarm_description//config/link_inertial/xarm6_type6_HT2_LD.yaml
[4.011s] -- Symlinking: /home/aman/catalyst-manipulation/install/xarm_description/share/xarm_description//config/link_inertial/xarm6_type6_HT_BR.yaml
[4.048s] -- Symlinking: /home/aman/catalyst-manipulation/install/xarm_description/share/xarm_description//config/link_inertial/xarm6_type6_HT_BR2.yaml
[4.090s] -- Symlinking: /home/aman/catalyst-manipulation/install/xarm_description/share/xarm_description//config/link_inertial/xarm6_type6_HT_LD.yaml
[4.150s] -- Symlinking: /home/aman/catalyst-manipulation/install/xarm_description/share/xarm_description//config/link_inertial/xarm6_type6_UJ_BR_2403.yaml
[4.188s] -- Symlinking: /home/aman/catalyst-manipulation/install/xarm_description/share/xarm_description//config/link_inertial/xarm6_type8_HT2_BR2.yaml
[4.233s] -- Symlinking: /home/aman/catalyst-manipulation/install/xarm_description/share/xarm_description//config/link_inertial/xarm6_type9_HT_BR2.yaml
[4.278s] -- Symlinking: /home/aman/catalyst-manipulation/install/xarm_description/share/xarm_description//config/link_inertial/xarm7_type13_HT_BR2.yaml
[4.326s] -- Symlinking: /home/aman/catalyst-manipulation/install/xarm_description/share/xarm_description//config/link_inertial/xarm7_type3_YT_SP.yaml
[4.364s] -- Symlinking: /home/aman/catalyst-manipulation/install/xarm_description/share/xarm_description//config/link_inertial/xarm7_type7_HT_BR.yaml
[4.408s] -- Symlinking: /home/aman/catalyst-manipulation/install/xarm_description/share/xarm_description//config/link_inertial/xarm7_type7_HT_BR2.yaml
[4.454s] -- Symlinking: /home/aman/catalyst-manipulation/install/xarm_description/share/xarm_description//config/link_inertial/xarm7_type7_HT_LD.yaml
[4.505s] -- Symlinking: /home/aman/catalyst-manipulation/install/xarm_description/share/xarm_description//config/link_inertial/xarm7_type7_UJ_BR_2403.yaml
[4.581s] -- Symlinking: /home/aman/catalyst-manipulation/install/xarm_description/share/xarm_description//meshes/camera/realsense/collision/d435_with_cam_stand.stl
[4.664s] -- Symlinking: /home/aman/catalyst-manipulation/install/xarm_description/share/xarm_description//meshes/camera/realsense/visual/d435_with_cam_stand.stl
[4.739s] -- Symlinking: /home/aman/catalyst-manipulation/install/xarm_description/share/xarm_description//meshes/end_tool/collision/end_tool.stl
[4.793s] -- Symlinking: /home/aman/catalyst-manipulation/install/xarm_description/share/xarm_description//meshes/end_tool/collision/end_tool_1300.stl
[4.859s] -- Symlinking: /home/aman/catalyst-manipulation/install/xarm_description/share/xarm_description//meshes/end_tool/visual/end_tool_1300.stl
[4.901s] -- Symlinking: /home/aman/catalyst-manipulation/install/xarm_description/share/xarm_description//meshes/gripper/bio/left_finger.stl
[4.953s] -- Symlinking: /home/aman/catalyst-manipulation/install/xarm_description/share/xarm_description//meshes/gripper/bio/link_base.stl
[4.988s] -- Symlinking: /home/aman/catalyst-manipulation/install/xarm_description/share/xarm_description//meshes/gripper/bio/right_finger.stl
[5.028s] -- Symlinking: /home/aman/catalyst-manipulation/install/xarm_description/share/xarm_description//meshes/gripper/lite/collision/gripper_lite.stl
[5.054s] -- Symlinking: /home/aman/catalyst-manipulation/install/xarm_description/share/xarm_description//meshes/gripper/lite/visual/gripper_lite.stl
[5.096s] -- Symlinking: /home/aman/catalyst-manipulation/install/xarm_description/share/xarm_description//meshes/gripper/xarm/base_link.stl
[5.142s] -- Symlinking: /home/aman/catalyst-manipulation/install/xarm_description/share/xarm_description//meshes/gripper/xarm/left_finger.stl
[5.165s] -- Symlinking: /home/aman/catalyst-manipulation/install/xarm_description/share/xarm_description//meshes/gripper/xarm/left_inner_knuckle.stl
[5.183s] -- Symlinking: /home/aman/catalyst-manipulation/install/xarm_description/share/xarm_description//meshes/gripper/xarm/left_outer_knuckle.stl
[5.210s] -- Symlinking: /home/aman/catalyst-manipulation/install/xarm_description/share/xarm_description//meshes/gripper/xarm/right_finger.stl
[5.235s] -- Symlinking: /home/aman/catalyst-manipulation/install/xarm_description/share/xarm_description//meshes/gripper/xarm/right_inner_knuckle.stl
[5.277s] -- Symlinking: /home/aman/catalyst-manipulation/install/xarm_description/share/xarm_description//meshes/gripper/xarm/right_outer_knuckle.stl
[5.307s] -- Symlinking: /home/aman/catalyst-manipulation/install/xarm_description/share/xarm_description//meshes/lite6/collision/link1.stl
[5.341s] -- Symlinking: /home/aman/catalyst-manipulation/install/xarm_description/share/xarm_description//meshes/lite6/collision/link2.stl
[5.374s] -- Symlinking: /home/aman/catalyst-manipulation/install/xarm_description/share/xarm_description//meshes/lite6/collision/link3.stl
[5.395s] -- Symlinking: /home/aman/catalyst-manipulation/install/xarm_description/share/xarm_description//meshes/lite6/collision/link4.stl
[5.415s] -- Symlinking: /home/aman/catalyst-manipulation/install/xarm_description/share/xarm_description//meshes/lite6/collision/link5.stl
[5.439s] -- Symlinking: /home/aman/catalyst-manipulation/install/xarm_description/share/xarm_description//meshes/lite6/collision/link6.stl
[5.462s] -- Symlinking: /home/aman/catalyst-manipulation/install/xarm_description/share/xarm_description//meshes/lite6/collision/link_base.stl
[5.489s] -- Symlinking: /home/aman/catalyst-manipulation/install/xarm_description/share/xarm_description//meshes/lite6/visual/link1.stl
[5.513s] -- Symlinking: /home/aman/catalyst-manipulation/install/xarm_description/share/xarm_description//meshes/lite6/visual/link2.stl
[5.530s] -- Symlinking: /home/aman/catalyst-manipulation/install/xarm_description/share/xarm_description//meshes/lite6/visual/link3.stl
[5.547s] -- Symlinking: /home/aman/catalyst-manipulation/install/xarm_description/share/xarm_description//meshes/lite6/visual/link4.stl
[5.568s] -- Symlinking: /home/aman/catalyst-manipulation/install/xarm_description/share/xarm_description//meshes/lite6/visual/link5.stl
[5.598s] -- Symlinking: /home/aman/catalyst-manipulation/install/xarm_description/share/xarm_description//meshes/lite6/visual/link6.stl
[5.617s] -- Symlinking: /home/aman/catalyst-manipulation/install/xarm_description/share/xarm_description//meshes/lite6/visual/link_base.stl
[5.634s] -- Symlinking: /home/aman/catalyst-manipulation/install/xarm_description/share/xarm_description//meshes/uf850/collision/link1.stl
[5.654s] -- Symlinking: /home/aman/catalyst-manipulation/install/xarm_description/share/xarm_description//meshes/uf850/collision/link2.stl
[5.671s] -- Symlinking: /home/aman/catalyst-manipulation/install/xarm_description/share/xarm_description//meshes/uf850/collision/link3.stl
[5.693s] -- Symlinking: /home/aman/catalyst-manipulation/install/xarm_description/share/xarm_description//meshes/uf850/collision/link4.stl
[5.716s] -- Symlinking: /home/aman/catalyst-manipulation/install/xarm_description/share/xarm_description//meshes/uf850/collision/link5.stl
[5.737s] -- Symlinking: /home/aman/catalyst-manipulation/install/xarm_description/share/xarm_description//meshes/uf850/collision/link6.stl
[5.752s] -- Symlinking: /home/aman/catalyst-manipulation/install/xarm_description/share/xarm_description//meshes/uf850/collision/link_base.stl
[5.767s] -- Symlinking: /home/aman/catalyst-manipulation/install/xarm_description/share/xarm_description//meshes/uf850/visual/link1.stl
[5.786s] -- Symlinking: /home/aman/catalyst-manipulation/install/xarm_description/share/xarm_description//meshes/uf850/visual/link2.stl
[5.806s] -- Symlinking: /home/aman/catalyst-manipulation/install/xarm_description/share/xarm_description//meshes/uf850/visual/link3.stl
[5.824s] -- Symlinking: /home/aman/catalyst-manipulation/install/xarm_description/share/xarm_description//meshes/uf850/visual/link4.stl
[5.841s] -- Symlinking: /home/aman/catalyst-manipulation/install/xarm_description/share/xarm_description//meshes/uf850/visual/link5.stl
[5.858s] -- Symlinking: /home/aman/catalyst-manipulation/install/xarm_description/share/xarm_description//meshes/uf850/visual/link6.stl
[5.876s] -- Symlinking: /home/aman/catalyst-manipulation/install/xarm_description/share/xarm_description//meshes/uf850/visual/link_base.stl
[5.903s] -- Symlinking: /home/aman/catalyst-manipulation/install/xarm_description/share/xarm_description//meshes/vacuum_gripper/lite/collision/vacuum_gripper_lite.stl
[5.927s] -- Symlinking: /home/aman/catalyst-manipulation/install/xarm_description/share/xarm_description//meshes/vacuum_gripper/lite/visual/vacuum_gripper_lite.stl
[5.946s] -- Symlinking: /home/aman/catalyst-manipulation/install/xarm_description/share/xarm_description//meshes/vacuum_gripper/xarm/collision/vacuum_gripper.stl
[5.969s] -- Symlinking: /home/aman/catalyst-manipulation/install/xarm_description/share/xarm_description//meshes/vacuum_gripper/xarm/visual/vacuum_gripper.stl
[6.003s] -- Symlinking: /home/aman/catalyst-manipulation/install/xarm_description/share/xarm_description//meshes/xarm5/visual/link1.stl
[6.035s] -- Symlinking: /home/aman/catalyst-manipulation/install/xarm_description/share/xarm_description//meshes/xarm5/visual/link2.stl
[6.055s] -- Symlinking: /home/aman/catalyst-manipulation/install/xarm_description/share/xarm_description//meshes/xarm5/visual/link3.stl
[6.091s] -- Symlinking: /home/aman/catalyst-manipulation/install/xarm_description/share/xarm_description//meshes/xarm5/visual/link4.stl
[6.116s] -- Symlinking: /home/aman/catalyst-manipulation/install/xarm_description/share/xarm_description//meshes/xarm5/visual/link5.stl
[6.137s] -- Symlinking: /home/aman/catalyst-manipulation/install/xarm_description/share/xarm_description//meshes/xarm5/visual/link_base.stl
[6.154s] -- Symlinking: /home/aman/catalyst-manipulation/install/xarm_description/share/xarm_description//meshes/xarm5_1305/collision/link1.obj
[6.173s] -- Symlinking: /home/aman/catalyst-manipulation/install/xarm_description/share/xarm_description//meshes/xarm5_1305/collision/link2.obj
[6.195s] -- Symlinking: /home/aman/catalyst-manipulation/install/xarm_description/share/xarm_description//meshes/xarm5_1305/collision/link3.obj
[6.212s] -- Symlinking: /home/aman/catalyst-manipulation/install/xarm_description/share/xarm_description//meshes/xarm5_1305/collision/link4.obj
[6.231s] -- Symlinking: /home/aman/catalyst-manipulation/install/xarm_description/share/xarm_description//meshes/xarm5_1305/collision/link5.obj
[6.248s] -- Symlinking: /home/aman/catalyst-manipulation/install/xarm_description/share/xarm_description//meshes/xarm5_1305/collision/link_base.obj
[6.276s] -- Symlinking: /home/aman/catalyst-manipulation/install/xarm_description/share/xarm_description//meshes/xarm5_1305/visual/link1.stl
[6.295s] -- Symlinking: /home/aman/catalyst-manipulation/install/xarm_description/share/xarm_description//meshes/xarm5_1305/visual/link2.stl
[6.321s] -- Symlinking: /home/aman/catalyst-manipulation/install/xarm_description/share/xarm_description//meshes/xarm5_1305/visual/link3.stl
[6.341s] -- Symlinking: /home/aman/catalyst-manipulation/install/xarm_description/share/xarm_description//meshes/xarm5_1305/visual/link4.stl
[6.360s] -- Symlinking: /home/aman/catalyst-manipulation/install/xarm_description/share/xarm_description//meshes/xarm5_1305/visual/link5.stl
[6.379s] -- Symlinking: /home/aman/catalyst-manipulation/install/xarm_description/share/xarm_description//meshes/xarm5_1305/visual/link_base.stl
[6.400s] -- Symlinking: /home/aman/catalyst-manipulation/install/xarm_description/share/xarm_description//meshes/xarm6/visual/link1.stl
[6.426s] -- Symlinking: /home/aman/catalyst-manipulation/install/xarm_description/share/xarm_description//meshes/xarm6/visual/link2.stl
[6.445s] -- Symlinking: /home/aman/catalyst-manipulation/install/xarm_description/share/xarm_description//meshes/xarm6/visual/link3.stl
[6.479s] -- Symlinking: /home/aman/catalyst-manipulation/install/xarm_description/share/xarm_description//meshes/xarm6/visual/link4.stl
[6.502s] -- Symlinking: /home/aman/catalyst-manipulation/install/xarm_description/share/xarm_description//meshes/xarm6/visual/link5.stl
[6.529s] -- Symlinking: /home/aman/catalyst-manipulation/install/xarm_description/share/xarm_description//meshes/xarm6/visual/link6.stl
[6.553s] -- Symlinking: /home/aman/catalyst-manipulation/install/xarm_description/share/xarm_description//meshes/xarm6/visual/link_base.stl
[6.576s] -- Symlinking: /home/aman/catalyst-manipulation/install/xarm_description/share/xarm_description//meshes/xarm6_1305/collision/link1.obj
[6.596s] -- Symlinking: /home/aman/catalyst-manipulation/install/xarm_description/share/xarm_description//meshes/xarm6_1305/collision/link2.obj
[6.617s] -- Symlinking: /home/aman/catalyst-manipulation/install/xarm_description/share/xarm_description//meshes/xarm6_1305/collision/link3.obj
[6.634s] -- Symlinking: /home/aman/catalyst-manipulation/install/xarm_description/share/xarm_description//meshes/xarm6_1305/collision/link4.obj
[6.650s] -- Symlinking: /home/aman/catalyst-manipulation/install/xarm_description/share/xarm_description//meshes/xarm6_1305/collision/link5.obj
[6.668s] -- Symlinking: /home/aman/catalyst-manipulation/install/xarm_description/share/xarm_description//meshes/xarm6_1305/collision/link6.obj
[6.690s] -- Symlinking: /home/aman/catalyst-manipulation/install/xarm_description/share/xarm_description//meshes/xarm6_1305/collision/link_base.obj
[6.708s] -- Symlinking: /home/aman/catalyst-manipulation/install/xarm_description/share/xarm_description//meshes/xarm6_1305/visual/link1.stl
[6.728s] -- Symlinking: /home/aman/catalyst-manipulation/install/xarm_description/share/xarm_description//meshes/xarm6_1305/visual/link2.stl
[6.756s] -- Symlinking: /home/aman/catalyst-manipulation/install/xarm_description/share/xarm_description//meshes/xarm6_1305/visual/link3.stl
[6.779s] -- Symlinking: /home/aman/catalyst-manipulation/install/xarm_description/share/xarm_description//meshes/xarm6_1305/visual/link4.stl
[6.790s] -- Symlinking: /home/aman/catalyst-manipulation/install/xarm_description/share/xarm_description//meshes/xarm6_1305/visual/link5.stl
[6.807s] -- Symlinking: /home/aman/catalyst-manipulation/install/xarm_description/share/xarm_description//meshes/xarm6_1305/visual/link6.stl
[6.823s] -- Symlinking: /home/aman/catalyst-manipulation/install/xarm_description/share/xarm_description//meshes/xarm6_1305/visual/link_base.stl
[6.846s] -- Symlinking: /home/aman/catalyst-manipulation/install/xarm_description/share/xarm_description//meshes/xarm7/visual/link1.stl
[6.866s] -- Symlinking: /home/aman/catalyst-manipulation/install/xarm_description/share/xarm_description//meshes/xarm7/visual/link2.stl
[6.885s] -- Symlinking: /home/aman/catalyst-manipulation/install/xarm_description/share/xarm_description//meshes/xarm7/visual/link3.stl
[6.906s] -- Symlinking: /home/aman/catalyst-manipulation/install/xarm_description/share/xarm_description//meshes/xarm7/visual/link4.stl
[6.930s] -- Symlinking: /home/aman/catalyst-manipulation/install/xarm_description/share/xarm_description//meshes/xarm7/visual/link5.stl
[6.954s] -- Symlinking: /home/aman/catalyst-manipulation/install/xarm_description/share/xarm_description//meshes/xarm7/visual/link6.stl
[6.977s] -- Symlinking: /home/aman/catalyst-manipulation/install/xarm_description/share/xarm_description//meshes/xarm7/visual/link7.stl
[6.997s] -- Symlinking: /home/aman/catalyst-manipulation/install/xarm_description/share/xarm_description//meshes/xarm7/visual/link_base.stl
[7.014s] -- Symlinking: /home/aman/catalyst-manipulation/install/xarm_description/share/xarm_description//meshes/xarm7_1305/collision/link1.obj
[7.035s] -- Symlinking: /home/aman/catalyst-manipulation/install/xarm_description/share/xarm_description//meshes/xarm7_1305/collision/link2.obj
[7.053s] -- Symlinking: /home/aman/catalyst-manipulation/install/xarm_description/share/xarm_description//meshes/xarm7_1305/collision/link3.obj
[7.078s] -- Symlinking: /home/aman/catalyst-manipulation/install/xarm_description/share/xarm_description//meshes/xarm7_1305/collision/link4.obj
[7.102s] -- Symlinking: /home/aman/catalyst-manipulation/install/xarm_description/share/xarm_description//meshes/xarm7_1305/collision/link5.obj
[7.121s] -- Symlinking: /home/aman/catalyst-manipulation/install/xarm_description/share/xarm_description//meshes/xarm7_1305/collision/link6.obj
[7.141s] -- Symlinking: /home/aman/catalyst-manipulation/install/xarm_description/share/xarm_description//meshes/xarm7_1305/collision/link7.obj
[7.172s] -- Symlinking: /home/aman/catalyst-manipulation/install/xarm_description/share/xarm_description//meshes/xarm7_1305/collision/link_base.obj
[7.204s] -- Symlinking: /home/aman/catalyst-manipulation/install/xarm_description/share/xarm_description//meshes/xarm7_1305/visual/link1.stl
[7.231s] -- Symlinking: /home/aman/catalyst-manipulation/install/xarm_description/share/xarm_description//meshes/xarm7_1305/visual/link2.stl
[7.248s] -- Symlinking: /home/aman/catalyst-manipulation/install/xarm_description/share/xarm_description//meshes/xarm7_1305/visual/link3.stl
[7.267s] -- Symlinking: /home/aman/catalyst-manipulation/install/xarm_description/share/xarm_description//meshes/xarm7_1305/visual/link4.stl
[7.297s] -- Symlinking: /home/aman/catalyst-manipulation/install/xarm_description/share/xarm_description//meshes/xarm7_1305/visual/link5.stl
[7.333s] -- Symlinking: /home/aman/catalyst-manipulation/install/xarm_description/share/xarm_description//meshes/xarm7_1305/visual/link6.stl
[7.355s] -- Symlinking: /home/aman/catalyst-manipulation/install/xarm_description/share/xarm_description//meshes/xarm7_1305/visual/link7.stl
[7.372s] -- Symlinking: /home/aman/catalyst-manipulation/install/xarm_description/share/xarm_description//meshes/xarm7_1305/visual/link_base.stl
[7.395s] -- Symlinking: /home/aman/catalyst-manipulation/install/xarm_description/share/xarm_description//meshes/xarm7_mirror/collision/link1.stl
[7.412s] -- Symlinking: /home/aman/catalyst-manipulation/install/xarm_description/share/xarm_description//meshes/xarm7_mirror/collision/link2.stl
[7.434s] -- Symlinking: /home/aman/catalyst-manipulation/install/xarm_description/share/xarm_description//meshes/xarm7_mirror/collision/link3.stl
[7.459s] -- Symlinking: /home/aman/catalyst-manipulation/install/xarm_description/share/xarm_description//meshes/xarm7_mirror/collision/link4.stl
[7.476s] -- Symlinking: /home/aman/catalyst-manipulation/install/xarm_description/share/xarm_description//meshes/xarm7_mirror/collision/link5.stl
[7.502s] -- Symlinking: /home/aman/catalyst-manipulation/install/xarm_description/share/xarm_description//meshes/xarm7_mirror/collision/link6.stl
[7.521s] -- Symlinking: /home/aman/catalyst-manipulation/install/xarm_description/share/xarm_description//meshes/xarm7_mirror/collision/link7.stl
[7.542s] -- Symlinking: /home/aman/catalyst-manipulation/install/xarm_description/share/xarm_description//meshes/xarm7_mirror/collision/link_base.stl
[7.557s] -- Symlinking: /home/aman/catalyst-manipulation/install/xarm_description/share/xarm_description//meshes/xarm7_mirror/visual/link1.stl
[7.577s] -- Symlinking: /home/aman/catalyst-manipulation/install/xarm_description/share/xarm_description//meshes/xarm7_mirror/visual/link2.stl
[7.597s] -- Symlinking: /home/aman/catalyst-manipulation/install/xarm_description/share/xarm_description//meshes/xarm7_mirror/visual/link3.stl
[7.614s] -- Symlinking: /home/aman/catalyst-manipulation/install/xarm_description/share/xarm_description//meshes/xarm7_mirror/visual/link4.stl
[7.633s] -- Symlinking: /home/aman/catalyst-manipulation/install/xarm_description/share/xarm_description//meshes/xarm7_mirror/visual/link5.stl
[7.653s] -- Symlinking: /home/aman/catalyst-manipulation/install/xarm_description/share/xarm_description//meshes/xarm7_mirror/visual/link6.stl
[7.674s] -- Symlinking: /home/aman/catalyst-manipulation/install/xarm_description/share/xarm_description//meshes/xarm7_mirror/visual/link7.stl
[7.694s] -- Symlinking: /home/aman/catalyst-manipulation/install/xarm_description/share/xarm_description//meshes/xarm7_mirror/visual/link_base.stl
[7.714s] -- Symlinking: /home/aman/catalyst-manipulation/install/xarm_description/share/xarm_description//launch/_robot_description.launch.py
[7.734s] -- Symlinking: /home/aman/catalyst-manipulation/install/xarm_description/share/xarm_description//launch/_robot_joint_state.launch.py
[7.752s] -- Symlinking: /home/aman/catalyst-manipulation/install/xarm_description/share/xarm_description//launch/_robot_rviz_display.launch.py
[7.769s] -- Symlinking: /home/aman/catalyst-manipulation/install/xarm_description/share/xarm_description//launch/_rviz_display.launch.py
[7.787s] -- Symlinking: /home/aman/catalyst-manipulation/install/xarm_description/share/xarm_description//launch/lib/robot_description_lib.py
[7.804s] -- Symlinking: /home/aman/catalyst-manipulation/install/xarm_description/share/xarm_description//launch/lite6_rviz_display.launch.py
[7.818s] -- Symlinking: /home/aman/catalyst-manipulation/install/xarm_description/share/xarm_description//launch/uf850_rviz_display.launch.py
[7.833s] -- Symlinking: /home/aman/catalyst-manipulation/install/xarm_description/share/xarm_description//launch/xarm5_rviz_display.launch.py
[7.847s] -- Symlinking: /home/aman/catalyst-manipulation/install/xarm_description/share/xarm_description//launch/xarm6_rviz_display.launch.py
[7.860s] -- Symlinking: /home/aman/catalyst-manipulation/install/xarm_description/share/xarm_description//launch/xarm7_mirror_rviz_display.launch.py
[7.873s] -- Symlinking: /home/aman/catalyst-manipulation/install/xarm_description/share/xarm_description//launch/xarm7_rviz_display.launch.py
[7.887s] -- Symlinking: /home/aman/catalyst-manipulation/install/xarm_description/share/ament_index/resource_index/package_run_dependencies/xarm_description
[7.900s] -- Symlinking: /home/aman/catalyst-manipulation/install/xarm_description/share/ament_index/resource_index/parent_prefix_path/xarm_description
[7.925s] -- Symlinking: /home/aman/catalyst-manipulation/install/xarm_description/share/xarm_description/environment/ament_prefix_path.sh
[7.937s] -- Symlinking: /home/aman/catalyst-manipulation/install/xarm_description/share/xarm_description/environment/ament_prefix_path.dsv
[7.950s] -- Symlinking: /home/aman/catalyst-manipulation/install/xarm_description/share/xarm_description/environment/path.sh
[7.963s] -- Symlinking: /home/aman/catalyst-manipulation/install/xarm_description/share/xarm_description/environment/path.dsv
[7.977s] -- Symlinking: /home/aman/catalyst-manipulation/install/xarm_description/share/xarm_description/local_setup.bash
[7.991s] -- Symlinking: /home/aman/catalyst-manipulation/install/xarm_description/share/xarm_description/local_setup.sh
[8.006s] -- Symlinking: /home/aman/catalyst-manipulation/install/xarm_description/share/xarm_description/local_setup.zsh
[8.021s] -- Symlinking: /home/aman/catalyst-manipulation/install/xarm_description/share/xarm_description/local_setup.dsv
[8.037s] -- Symlinking: /home/aman/catalyst-manipulation/install/xarm_description/share/xarm_description/package.dsv
[8.054s] -- Symlinking: /home/aman/catalyst-manipulation/install/xarm_description/share/ament_index/resource_index/packages/xarm_description
[8.072s] -- Symlinking: /home/aman/catalyst-manipulation/install/xarm_description/share/xarm_description/cmake/xarm_descriptionConfig.cmake
[8.090s] -- Symlinking: /home/aman/catalyst-manipulation/install/xarm_description/share/xarm_description/cmake/xarm_descriptionConfig-version.cmake
[8.107s] -- Symlinking: /home/aman/catalyst-manipulation/install/xarm_description/share/xarm_description/package.xml
[8.130s] Invoked command in '/home/aman/catalyst-manipulation/build/xarm_description' returned '0': CMAKE_PREFIX_PATH=/opt/ros/humble /usr/bin/cmake --install /home/aman/catalyst-manipulation/build/xarm_description
