running develop
running egg_info
creating uf_ros_lib.egg-info
writing uf_ros_lib.egg-info/PKG-INFO
writing dependency_links to uf_ros_lib.egg-info/dependency_links.txt
writing entry points to uf_ros_lib.egg-info/entry_points.txt
writing requirements to uf_ros_lib.egg-info/requires.txt
writing top-level names to uf_ros_lib.egg-info/top_level.txt
writing manifest file 'uf_ros_lib.egg-info/SOURCES.txt'
reading manifest file 'uf_ros_lib.egg-info/SOURCES.txt'
writing manifest file 'uf_ros_lib.egg-info/SOURCES.txt'
running build_ext
Creating /home/aman/catalyst-manipulation/install/uf_ros_lib/lib/python3.10/site-packages/uf-ros-lib.egg-link (link to .)

Installed /home/aman/catalyst-manipulation/build/uf_ros_lib
running symlink_data
creating /home/aman/catalyst-manipulation/install/uf_ros_lib/share/ament_index
creating /home/aman/catalyst-manipulation/install/uf_ros_lib/share/ament_index/resource_index
creating /home/aman/catalyst-manipulation/install/uf_ros_lib/share/ament_index/resource_index/packages
symbolically linking /home/aman/catalyst-manipulation/build/uf_ros_lib/resource/uf_ros_lib -> /home/aman/catalyst-manipulation/install/uf_ros_lib/share/ament_index/resource_index/packages
symbolically linking /home/aman/catalyst-manipulation/build/uf_ros_lib/package.xml -> /home/aman/catalyst-manipulation/install/uf_ros_lib/share/uf_ros_lib
