[0.977s] Invoking command in '/home/aman/catalyst-manipulation/build/uf_ros_lib': PYTHONPATH=/home/aman/catalyst-manipulation/build/uf_ros_lib/prefix_override:/usr/lib/python3/dist-packages/colcon_core/task/python/colcon_distutils_commands:/home/aman/catalyst-manipulation/install/uf_ros_lib/lib/python3.10/site-packages:${PYTHONPATH} /usr/bin/python3 -W ignore:setup.py install is deprecated -W ignore:easy_install command is deprecated setup.py develop --editable --build-directory /home/aman/catalyst-manipulation/build/uf_ros_lib/build --no-deps symlink_data
[1.750s] running develop
[2.461s] running egg_info
[2.465s] creating uf_ros_lib.egg-info
[2.465s] writing uf_ros_lib.egg-info/PKG-INFO
[2.466s] writing dependency_links to uf_ros_lib.egg-info/dependency_links.txt
[2.466s] writing entry points to uf_ros_lib.egg-info/entry_points.txt
[2.466s] writing requirements to uf_ros_lib.egg-info/requires.txt
[2.466s] writing top-level names to uf_ros_lib.egg-info/top_level.txt
[2.466s] writing manifest file 'uf_ros_lib.egg-info/SOURCES.txt'
[2.466s] reading manifest file 'uf_ros_lib.egg-info/SOURCES.txt'
[2.475s] writing manifest file 'uf_ros_lib.egg-info/SOURCES.txt'
[2.488s] running build_ext
[2.489s] Creating /home/aman/catalyst-manipulation/install/uf_ros_lib/lib/python3.10/site-packages/uf-ros-lib.egg-link (link to .)
[2.491s] 
[2.491s] Installed /home/aman/catalyst-manipulation/build/uf_ros_lib
[2.494s] running symlink_data
[2.495s] creating /home/aman/catalyst-manipulation/install/uf_ros_lib/share/ament_index
[2.495s] creating /home/aman/catalyst-manipulation/install/uf_ros_lib/share/ament_index/resource_index
[2.495s] creating /home/aman/catalyst-manipulation/install/uf_ros_lib/share/ament_index/resource_index/packages
[2.495s] symbolically linking /home/aman/catalyst-manipulation/build/uf_ros_lib/resource/uf_ros_lib -> /home/aman/catalyst-manipulation/install/uf_ros_lib/share/ament_index/resource_index/packages
[2.496s] symbolically linking /home/aman/catalyst-manipulation/build/uf_ros_lib/package.xml -> /home/aman/catalyst-manipulation/install/uf_ros_lib/share/uf_ros_lib
[2.653s] Invoked command in '/home/aman/catalyst-manipulation/build/uf_ros_lib' returned '0': PYTHONPATH=/home/aman/catalyst-manipulation/build/uf_ros_lib/prefix_override:/usr/lib/python3/dist-packages/colcon_core/task/python/colcon_distutils_commands:/home/aman/catalyst-manipulation/install/uf_ros_lib/lib/python3.10/site-packages:${PYTHONPATH} /usr/bin/python3 -W ignore:setup.py install is deprecated -W ignore:easy_install command is deprecated setup.py develop --editable --build-directory /home/aman/catalyst-manipulation/build/uf_ros_lib/build --no-deps symlink_data
