running develop
running egg_info
creating catalyst_move.egg-info
writing catalyst_move.egg-info/PKG-INFO
writing dependency_links to catalyst_move.egg-info/dependency_links.txt
writing entry points to catalyst_move.egg-info/entry_points.txt
writing requirements to catalyst_move.egg-info/requires.txt
writing top-level names to catalyst_move.egg-info/top_level.txt
writing manifest file 'catalyst_move.egg-info/SOURCES.txt'
reading manifest file 'catalyst_move.egg-info/SOURCES.txt'
writing manifest file 'catalyst_move.egg-info/SOURCES.txt'
running build_ext
Creating /home/aman/catalyst-manipulation/install/catalyst_move/lib/python3.10/site-packages/catalyst-move.egg-link (link to .)
Installing test_move script to /home/aman/catalyst-manipulation/install/catalyst_move/lib/catalyst_move

Installed /home/aman/catalyst-manipulation/build/catalyst_move
running symlink_data
creating /home/aman/catalyst-manipulation/install/catalyst_move/share/ament_index
creating /home/aman/catalyst-manipulation/install/catalyst_move/share/ament_index/resource_index
creating /home/aman/catalyst-manipulation/install/catalyst_move/share/ament_index/resource_index/packages
symbolically linking /home/aman/catalyst-manipulation/build/catalyst_move/resource/catalyst_move -> /home/aman/catalyst-manipulation/install/catalyst_move/share/ament_index/resource_index/packages
symbolically linking /home/aman/catalyst-manipulation/build/catalyst_move/package.xml -> /home/aman/catalyst-manipulation/install/catalyst_move/share/catalyst_move
