running develop
running egg_info
creating catalyst_gripper.egg-info
writing catalyst_gripper.egg-info/PKG-INFO
writing dependency_links to catalyst_gripper.egg-info/dependency_links.txt
writing entry points to catalyst_gripper.egg-info/entry_points.txt
writing requirements to catalyst_gripper.egg-info/requires.txt
writing top-level names to catalyst_gripper.egg-info/top_level.txt
writing manifest file 'catalyst_gripper.egg-info/SOURCES.txt'
reading manifest file 'catalyst_gripper.egg-info/SOURCES.txt'
writing manifest file 'catalyst_gripper.egg-info/SOURCES.txt'
running build_ext
Creating /home/aman/catalyst-manipulation/install/catalyst_gripper/lib/python3.10/site-packages/catalyst-gripper.egg-link (link to .)
Installing gripper_node script to /home/aman/catalyst-manipulation/install/catalyst_gripper/lib/catalyst_gripper

Installed /home/aman/catalyst-manipulation/build/catalyst_gripper
running symlink_data
creating /home/aman/catalyst-manipulation/install/catalyst_gripper/share/ament_index
creating /home/aman/catalyst-manipulation/install/catalyst_gripper/share/ament_index/resource_index
creating /home/aman/catalyst-manipulation/install/catalyst_gripper/share/ament_index/resource_index/packages
symbolically linking /home/aman/catalyst-manipulation/build/catalyst_gripper/resource/catalyst_gripper -> /home/aman/catalyst-manipulation/install/catalyst_gripper/share/ament_index/resource_index/packages
symbolically linking /home/aman/catalyst-manipulation/build/catalyst_gripper/package.xml -> /home/aman/catalyst-manipulation/install/catalyst_gripper/share/catalyst_gripper
creating /home/aman/catalyst-manipulation/install/catalyst_gripper/share/catalyst_gripper/config
symbolically linking /home/aman/catalyst-manipulation/build/catalyst_gripper/config/gripper_params.yaml -> /home/aman/catalyst-manipulation/install/catalyst_gripper/share/catalyst_gripper/config
