[2.862s] Invoking command in '/home/aman/catalyst-manipulation/build/catalyst_gripper': AMENT_PREFIX_PATH=/home/aman/catalyst-manipulation/install/catalyst_interfaces:${AMENT_PREFIX_PATH} CMAKE_PREFIX_PATH=/home/aman/catalyst-manipulation/install/catalyst_interfaces LD_LIBRARY_PATH=/home/aman/catalyst-manipulation/install/catalyst_interfaces/lib:${LD_LIBRARY_PATH} PYTHONPATH=/home/aman/catalyst-manipulation/build/catalyst_gripper/prefix_override:/usr/lib/python3/dist-packages/colcon_core/task/python/colcon_distutils_commands:/home/aman/catalyst-manipulation/install/catalyst_gripper/lib/python3.10/site-packages:/home/aman/catalyst-manipulation/install/catalyst_interfaces/local/lib/python3.10/dist-packages:${PYTHONPATH} /usr/bin/python3 -W ignore:setup.py install is deprecated -W ignore:easy_install command is deprecated setup.py develop --editable --build-directory /home/aman/catalyst-manipulation/build/catalyst_gripper/build --no-deps symlink_data
[3.193s] running develop
[3.404s] running egg_info
[3.404s] creating catalyst_gripper.egg-info
[3.404s] writing catalyst_gripper.egg-info/PKG-INFO
[3.405s] writing dependency_links to catalyst_gripper.egg-info/dependency_links.txt
[3.405s] writing entry points to catalyst_gripper.egg-info/entry_points.txt
[3.405s] writing requirements to catalyst_gripper.egg-info/requires.txt
[3.405s] writing top-level names to catalyst_gripper.egg-info/top_level.txt
[3.405s] writing manifest file 'catalyst_gripper.egg-info/SOURCES.txt'
[3.409s] reading manifest file 'catalyst_gripper.egg-info/SOURCES.txt'
[3.409s] writing manifest file 'catalyst_gripper.egg-info/SOURCES.txt'
[3.411s] running build_ext
[3.411s] Creating /home/aman/catalyst-manipulation/install/catalyst_gripper/lib/python3.10/site-packages/catalyst-gripper.egg-link (link to .)
[3.412s] Installing gripper_node script to /home/aman/catalyst-manipulation/install/catalyst_gripper/lib/catalyst_gripper
[3.413s] 
[3.413s] Installed /home/aman/catalyst-manipulation/build/catalyst_gripper
[3.413s] running symlink_data
[3.413s] creating /home/aman/catalyst-manipulation/install/catalyst_gripper/share/ament_index
[3.413s] creating /home/aman/catalyst-manipulation/install/catalyst_gripper/share/ament_index/resource_index
[3.413s] creating /home/aman/catalyst-manipulation/install/catalyst_gripper/share/ament_index/resource_index/packages
[3.413s] symbolically linking /home/aman/catalyst-manipulation/build/catalyst_gripper/resource/catalyst_gripper -> /home/aman/catalyst-manipulation/install/catalyst_gripper/share/ament_index/resource_index/packages
[3.413s] symbolically linking /home/aman/catalyst-manipulation/build/catalyst_gripper/package.xml -> /home/aman/catalyst-manipulation/install/catalyst_gripper/share/catalyst_gripper
[3.413s] creating /home/aman/catalyst-manipulation/install/catalyst_gripper/share/catalyst_gripper/config
[3.413s] symbolically linking /home/aman/catalyst-manipulation/build/catalyst_gripper/config/gripper_params.yaml -> /home/aman/catalyst-manipulation/install/catalyst_gripper/share/catalyst_gripper/config
[3.470s] Invoked command in '/home/aman/catalyst-manipulation/build/catalyst_gripper' returned '0': AMENT_PREFIX_PATH=/home/aman/catalyst-manipulation/install/catalyst_interfaces:${AMENT_PREFIX_PATH} CMAKE_PREFIX_PATH=/home/aman/catalyst-manipulation/install/catalyst_interfaces LD_LIBRARY_PATH=/home/aman/catalyst-manipulation/install/catalyst_interfaces/lib:${LD_LIBRARY_PATH} PYTHONPATH=/home/aman/catalyst-manipulation/build/catalyst_gripper/prefix_override:/usr/lib/python3/dist-packages/colcon_core/task/python/colcon_distutils_commands:/home/aman/catalyst-manipulation/install/catalyst_gripper/lib/python3.10/site-packages:/home/aman/catalyst-manipulation/install/catalyst_interfaces/local/lib/python3.10/dist-packages:${PYTHONPATH} /usr/bin/python3 -W ignore:setup.py install is deprecated -W ignore:easy_install command is deprecated setup.py develop --editable --build-directory /home/aman/catalyst-manipulation/build/catalyst_gripper/build --no-deps symlink_data
