[0.015s] Invoking command in '/home/aman/catalyst-manipulation/build/realsense2_description': AMENT_PREFIX_PATH=/home/aman/catalyst-manipulation/install/realsense2_camera_msgs:${AMENT_PREFIX_PATH} CMAKE_PREFIX_PATH=/home/aman/catalyst-manipulation/install/realsense2_camera_msgs:/opt/ros/humble LD_LIBRARY_PATH=/home/aman/catalyst-manipulation/install/realsense2_camera_msgs/lib:${LD_LIBRARY_PATH} PYTHONPATH=/home/aman/catalyst-manipulation/install/realsense2_camera_msgs/local/lib/python3.10/dist-packages:${PYTHONPATH} /usr/bin/cmake /home/aman/catalyst-manipulation/ros2_ws/src/external/realsense-ros/realsense2_description -DAMENT_CMAKE_SYMLINK_INSTALL=1 -DCMAKE_INSTALL_PREFIX=/home/aman/catalyst-manipulation/install/realsense2_description
[0.110s] -- The C compiler identification is GNU 11.4.0
[0.213s] -- The CXX compiler identification is GNU 11.4.0
[0.226s] -- Detecting C compiler ABI info
[0.355s] -- Detecting C compiler ABI info - done
[0.367s] -- Check for working C compiler: /usr/bin/cc - skipped
[0.367s] -- Detecting C compile features
[0.370s] -- Detecting C compile features - done
[0.373s] -- Detecting CXX compiler ABI info
[0.505s] -- Detecting CXX compiler ABI info - done
[0.516s] -- Check for working CXX compiler: /usr/bin/c++ - skipped
[0.516s] -- Detecting CXX compile features
[0.517s] -- Detecting CXX compile features - done
[0.522s] -- Found ament_cmake: 1.3.12 (/opt/ros/humble/share/ament_cmake/cmake)
[0.746s] -- Found Python3: /usr/bin/python3 (found version "3.10.12") found components: Interpreter 
[0.855s] -- Override CMake install command with custom implementation using symlinks instead of copying resources
[1.013s] -- Configuring done
[1.017s] -- Generating done
[1.019s] -- Build files have been written to: /home/aman/catalyst-manipulation/build/realsense2_description
[1.027s] Invoked command in '/home/aman/catalyst-manipulation/build/realsense2_description' returned '0': AMENT_PREFIX_PATH=/home/aman/catalyst-manipulation/install/realsense2_camera_msgs:${AMENT_PREFIX_PATH} CMAKE_PREFIX_PATH=/home/aman/catalyst-manipulation/install/realsense2_camera_msgs:/opt/ros/humble LD_LIBRARY_PATH=/home/aman/catalyst-manipulation/install/realsense2_camera_msgs/lib:${LD_LIBRARY_PATH} PYTHONPATH=/home/aman/catalyst-manipulation/install/realsense2_camera_msgs/local/lib/python3.10/dist-packages:${PYTHONPATH} /usr/bin/cmake /home/aman/catalyst-manipulation/ros2_ws/src/external/realsense-ros/realsense2_description -DAMENT_CMAKE_SYMLINK_INSTALL=1 -DCMAKE_INSTALL_PREFIX=/home/aman/catalyst-manipulation/install/realsense2_description
[1.028s] Invoking command in '/home/aman/catalyst-manipulation/build/realsense2_description': AMENT_PREFIX_PATH=/home/aman/catalyst-manipulation/install/realsense2_camera_msgs:${AMENT_PREFIX_PATH} CMAKE_PREFIX_PATH=/home/aman/catalyst-manipulation/install/realsense2_camera_msgs:/opt/ros/humble LD_LIBRARY_PATH=/home/aman/catalyst-manipulation/install/realsense2_camera_msgs/lib:${LD_LIBRARY_PATH} PYTHONPATH=/home/aman/catalyst-manipulation/install/realsense2_camera_msgs/local/lib/python3.10/dist-packages:${PYTHONPATH} /usr/bin/cmake --build /home/aman/catalyst-manipulation/build/realsense2_description -- -j16 -l16
[1.095s] Invoked command in '/home/aman/catalyst-manipulation/build/realsense2_description' returned '0': AMENT_PREFIX_PATH=/home/aman/catalyst-manipulation/install/realsense2_camera_msgs:${AMENT_PREFIX_PATH} CMAKE_PREFIX_PATH=/home/aman/catalyst-manipulation/install/realsense2_camera_msgs:/opt/ros/humble LD_LIBRARY_PATH=/home/aman/catalyst-manipulation/install/realsense2_camera_msgs/lib:${LD_LIBRARY_PATH} PYTHONPATH=/home/aman/catalyst-manipulation/install/realsense2_camera_msgs/local/lib/python3.10/dist-packages:${PYTHONPATH} /usr/bin/cmake --build /home/aman/catalyst-manipulation/build/realsense2_description -- -j16 -l16
[1.097s] Invoking command in '/home/aman/catalyst-manipulation/build/realsense2_description': AMENT_PREFIX_PATH=/home/aman/catalyst-manipulation/install/realsense2_camera_msgs:${AMENT_PREFIX_PATH} CMAKE_PREFIX_PATH=/home/aman/catalyst-manipulation/install/realsense2_camera_msgs:/opt/ros/humble LD_LIBRARY_PATH=/home/aman/catalyst-manipulation/install/realsense2_camera_msgs/lib:${LD_LIBRARY_PATH} PYTHONPATH=/home/aman/catalyst-manipulation/install/realsense2_camera_msgs/local/lib/python3.10/dist-packages:${PYTHONPATH} /usr/bin/cmake --install /home/aman/catalyst-manipulation/build/realsense2_description
[1.109s] -- Install configuration: ""
[1.110s] -- Execute custom install script
[1.111s] -- Symlinking: /home/aman/catalyst-manipulation/install/realsense2_description/share/realsense2_description/launch/launch_utils.py
[1.126s] -- Symlinking: /home/aman/catalyst-manipulation/install/realsense2_description/share/realsense2_description/launch/view_model.launch.py
[1.142s] -- Symlinking: /home/aman/catalyst-manipulation/install/realsense2_description/share/realsense2_description/meshes/d405.stl
[1.157s] -- Symlinking: /home/aman/catalyst-manipulation/install/realsense2_description/share/realsense2_description/meshes/d415.stl
[1.171s] -- Symlinking: /home/aman/catalyst-manipulation/install/realsense2_description/share/realsense2_description/meshes/d435.dae
[1.185s] -- Symlinking: /home/aman/catalyst-manipulation/install/realsense2_description/share/realsense2_description/meshes/d455.stl
[1.201s] -- Symlinking: /home/aman/catalyst-manipulation/install/realsense2_description/share/realsense2_description/meshes/l515.dae
[1.216s] -- Symlinking: /home/aman/catalyst-manipulation/install/realsense2_description/share/realsense2_description/meshes/plug.stl
[1.232s] -- Symlinking: /home/aman/catalyst-manipulation/install/realsense2_description/share/realsense2_description/meshes/plug_collision.stl
[1.248s] -- Symlinking: /home/aman/catalyst-manipulation/install/realsense2_description/share/realsense2_description/rviz/urdf.rviz
[1.264s] -- Symlinking: /home/aman/catalyst-manipulation/install/realsense2_description/share/realsense2_description/urdf/_d405.urdf.xacro
[1.280s] -- Symlinking: /home/aman/catalyst-manipulation/install/realsense2_description/share/realsense2_description/urdf/_d415.urdf.xacro
[1.296s] -- Symlinking: /home/aman/catalyst-manipulation/install/realsense2_description/share/realsense2_description/urdf/_d435.urdf.xacro
[1.312s] -- Symlinking: /home/aman/catalyst-manipulation/install/realsense2_description/share/realsense2_description/urdf/_d435i.urdf.xacro
[1.329s] -- Symlinking: /home/aman/catalyst-manipulation/install/realsense2_description/share/realsense2_description/urdf/_d435i_imu_modules.urdf.xacro
[1.345s] -- Symlinking: /home/aman/catalyst-manipulation/install/realsense2_description/share/realsense2_description/urdf/_d455.urdf.xacro
[1.360s] -- Symlinking: /home/aman/catalyst-manipulation/install/realsense2_description/share/realsense2_description/urdf/_materials.urdf.xacro
[1.376s] -- Symlinking: /home/aman/catalyst-manipulation/install/realsense2_description/share/realsense2_description/urdf/_r410.urdf.xacro
[1.391s] -- Symlinking: /home/aman/catalyst-manipulation/install/realsense2_description/share/realsense2_description/urdf/_r430.urdf.xacro
[1.406s] -- Symlinking: /home/aman/catalyst-manipulation/install/realsense2_description/share/realsense2_description/urdf/_usb_plug.urdf.xacro
[1.421s] -- Symlinking: /home/aman/catalyst-manipulation/install/realsense2_description/share/realsense2_description/urdf/test_d405_camera.urdf.xacro
[1.436s] -- Symlinking: /home/aman/catalyst-manipulation/install/realsense2_description/share/realsense2_description/urdf/test_d415_camera.urdf.xacro
[1.452s] -- Symlinking: /home/aman/catalyst-manipulation/install/realsense2_description/share/realsense2_description/urdf/test_d435_camera.urdf.xacro
[1.467s] -- Symlinking: /home/aman/catalyst-manipulation/install/realsense2_description/share/realsense2_description/urdf/test_d435_multiple_cameras.urdf.xacro
[1.484s] -- Symlinking: /home/aman/catalyst-manipulation/install/realsense2_description/share/realsense2_description/urdf/test_d435i_camera.urdf.xacro
[1.497s] -- Symlinking: /home/aman/catalyst-manipulation/install/realsense2_description/share/realsense2_description/urdf/test_d455_camera.urdf.xacro
[1.511s] -- Symlinking: /home/aman/catalyst-manipulation/install/realsense2_description/share/realsense2_description/urdf/test_r410_camera.urdf.xacro
[1.526s] -- Symlinking: /home/aman/catalyst-manipulation/install/realsense2_description/share/realsense2_description/urdf/test_r430_camera.urdf.xacro
[1.541s] -- Symlinking: /home/aman/catalyst-manipulation/install/realsense2_description/share/ament_index/resource_index/package_run_dependencies/realsense2_description
[1.556s] -- Symlinking: /home/aman/catalyst-manipulation/install/realsense2_description/share/ament_index/resource_index/parent_prefix_path/realsense2_description
[1.571s] -- Symlinking: /home/aman/catalyst-manipulation/install/realsense2_description/share/realsense2_description/environment/ament_prefix_path.sh
[1.587s] -- Symlinking: /home/aman/catalyst-manipulation/install/realsense2_description/share/realsense2_description/environment/ament_prefix_path.dsv
[1.602s] -- Symlinking: /home/aman/catalyst-manipulation/install/realsense2_description/share/realsense2_description/environment/path.sh
[1.619s] -- Symlinking: /home/aman/catalyst-manipulation/install/realsense2_description/share/realsense2_description/environment/path.dsv
[1.632s] -- Symlinking: /home/aman/catalyst-manipulation/install/realsense2_description/share/realsense2_description/local_setup.bash
[1.648s] -- Symlinking: /home/aman/catalyst-manipulation/install/realsense2_description/share/realsense2_description/local_setup.sh
[1.664s] -- Symlinking: /home/aman/catalyst-manipulation/install/realsense2_description/share/realsense2_description/local_setup.zsh
[1.680s] -- Symlinking: /home/aman/catalyst-manipulation/install/realsense2_description/share/realsense2_description/local_setup.dsv
[1.694s] -- Symlinking: /home/aman/catalyst-manipulation/install/realsense2_description/share/realsense2_description/package.dsv
[1.710s] -- Symlinking: /home/aman/catalyst-manipulation/install/realsense2_description/share/ament_index/resource_index/packages/realsense2_description
[1.724s] -- Symlinking: /home/aman/catalyst-manipulation/install/realsense2_description/share/realsense2_description/cmake/realsense2_descriptionConfig.cmake
[1.740s] -- Symlinking: /home/aman/catalyst-manipulation/install/realsense2_description/share/realsense2_description/cmake/realsense2_descriptionConfig-version.cmake
[1.751s] -- Symlinking: /home/aman/catalyst-manipulation/install/realsense2_description/share/realsense2_description/package.xml
[1.771s] Invoked command in '/home/aman/catalyst-manipulation/build/realsense2_description' returned '0': AMENT_PREFIX_PATH=/home/aman/catalyst-manipulation/install/realsense2_camera_msgs:${AMENT_PREFIX_PATH} CMAKE_PREFIX_PATH=/home/aman/catalyst-manipulation/install/realsense2_camera_msgs:/opt/ros/humble LD_LIBRARY_PATH=/home/aman/catalyst-manipulation/install/realsense2_camera_msgs/lib:${LD_LIBRARY_PATH} PYTHONPATH=/home/aman/catalyst-manipulation/install/realsense2_camera_msgs/local/lib/python3.10/dist-packages:${PYTHONPATH} /usr/bin/cmake --install /home/aman/catalyst-manipulation/build/realsense2_description
