[0.397s] Invoking command in '/home/aman/catalyst-manipulation/build/mbot_demo': CMAKE_PREFIX_PATH=/opt/ros/humble /usr/bin/cmake /home/aman/catalyst-manipulation/ros2_ws/src/external/xarm_ros2/demo/mbot_demo -DAMENT_CMAKE_SYMLINK_INSTALL=1 -DCMAKE_INSTALL_PREFIX=/home/aman/catalyst-manipulation/install/mbot_demo
[0.464s] -- The C compiler identification is GNU 11.4.0
[0.537s] -- The CXX compiler identification is GNU 11.4.0
[0.549s] -- Detecting C compiler ABI info
[0.645s] -- Detecting C compiler ABI info - done
[0.655s] -- Check for working C compiler: /usr/bin/cc - skipped
[0.655s] -- Detecting C compile features
[0.655s] -- Detecting C compile features - done
[0.659s] -- Detecting CXX compiler ABI info
[0.769s] -- Detecting CXX compiler ABI info - done
[0.782s] -- Check for working CXX compiler: /usr/bin/c++ - skipped
[0.782s] -- Detecting CXX compile features
[0.783s] -- Detecting CXX compile features - done
[0.788s] -- Found ament_cmake: 1.3.12 (/opt/ros/humble/share/ament_cmake/cmake)
[1.000s] -- Found Python3: /usr/bin/python3 (found version "3.10.12") found components: Interpreter 
[1.101s] -- Override CMake install command with custom implementation using symlinks instead of copying resources
[1.195s] -- Found ament_lint_auto: 0.12.14 (/opt/ros/humble/share/ament_lint_auto/cmake)
[1.485s] -- Added test 'copyright' to check source files copyright and LICENSE
[1.501s] -- Added test 'flake8' to check Python code syntax and style conventions
[1.511s] -- Added test 'lint_cmake' to check CMake code style
[1.518s] -- Added test 'pep257' to check Python code against some of the docstring style conventions in PEP 257
[1.530s] -- Added test 'xmllint' to check XML markup files
[1.536s] -- Configuring done
[1.567s] -- Generating done
[1.577s] -- Build files have been written to: /home/aman/catalyst-manipulation/build/mbot_demo
[1.608s] Invoked command in '/home/aman/catalyst-manipulation/build/mbot_demo' returned '0': CMAKE_PREFIX_PATH=/opt/ros/humble /usr/bin/cmake /home/aman/catalyst-manipulation/ros2_ws/src/external/xarm_ros2/demo/mbot_demo -DAMENT_CMAKE_SYMLINK_INSTALL=1 -DCMAKE_INSTALL_PREFIX=/home/aman/catalyst-manipulation/install/mbot_demo
[1.610s] Invoking command in '/home/aman/catalyst-manipulation/build/mbot_demo': CMAKE_PREFIX_PATH=/opt/ros/humble /usr/bin/cmake --build /home/aman/catalyst-manipulation/build/mbot_demo -- -j16 -l16
[1.804s] Invoked command in '/home/aman/catalyst-manipulation/build/mbot_demo' returned '0': CMAKE_PREFIX_PATH=/opt/ros/humble /usr/bin/cmake --build /home/aman/catalyst-manipulation/build/mbot_demo -- -j16 -l16
[1.805s] Invoking command in '/home/aman/catalyst-manipulation/build/mbot_demo': CMAKE_PREFIX_PATH=/opt/ros/humble /usr/bin/cmake --install /home/aman/catalyst-manipulation/build/mbot_demo
[1.832s] -- Install configuration: ""
[1.833s] -- Execute custom install script
[1.842s] -- Symlinking: /home/aman/catalyst-manipulation/install/mbot_demo/share/mbot_demo//rviz/moveit.rviz
[1.880s] -- Symlinking: /home/aman/catalyst-manipulation/install/mbot_demo/share/mbot_demo//urdf/mbot.gazebo.xacro
[1.914s] -- Symlinking: /home/aman/catalyst-manipulation/install/mbot_demo/share/mbot_demo//urdf/mbot.ros2_control.xacro
[1.961s] -- Symlinking: /home/aman/catalyst-manipulation/install/mbot_demo/share/mbot_demo//urdf/mbot.transmission.xacro
[1.997s] -- Symlinking: /home/aman/catalyst-manipulation/install/mbot_demo/share/mbot_demo//urdf/mbot.urdf.xacro
[2.037s] -- Symlinking: /home/aman/catalyst-manipulation/install/mbot_demo/share/mbot_demo//urdf/mbot_macro.xacro
[2.076s] -- Symlinking: /home/aman/catalyst-manipulation/install/mbot_demo/share/mbot_demo//urdf/mbot_with_xarm.urdf.xacro
[2.129s] -- Symlinking: /home/aman/catalyst-manipulation/install/mbot_demo/share/mbot_demo//srdf/mbot_macro.srdf.xacro
[2.148s] -- Symlinking: /home/aman/catalyst-manipulation/install/mbot_demo/share/mbot_demo//srdf/mbot_with_xarm.srdf.xacro
[2.187s] -- Symlinking: /home/aman/catalyst-manipulation/install/mbot_demo/share/mbot_demo//config/controllers.yaml
[2.233s] -- Symlinking: /home/aman/catalyst-manipulation/install/mbot_demo/share/mbot_demo//config/joint_limits.yaml
[2.266s] -- Symlinking: /home/aman/catalyst-manipulation/install/mbot_demo/share/mbot_demo//config/kinematics.yaml
[2.300s] -- Symlinking: /home/aman/catalyst-manipulation/install/mbot_demo/share/mbot_demo//config/ompl_planning.yaml
[2.337s] -- Symlinking: /home/aman/catalyst-manipulation/install/mbot_demo/share/mbot_demo//config/ros2_controllers.yaml
[2.357s] -- Symlinking: /home/aman/catalyst-manipulation/install/mbot_demo/share/mbot_demo//worlds/empty.world
[2.383s] -- Symlinking: /home/aman/catalyst-manipulation/install/mbot_demo/share/mbot_demo//launch/_robot_on_mbot_gazebo.launch.py
[2.411s] -- Symlinking: /home/aman/catalyst-manipulation/install/mbot_demo/share/mbot_demo//launch/mbot_moveit_fake.launch.py
[2.428s] -- Symlinking: /home/aman/catalyst-manipulation/install/mbot_demo/share/mbot_demo//launch/mbot_moveit_gazebo.launch.py
[2.451s] -- Symlinking: /home/aman/catalyst-manipulation/install/mbot_demo/share/mbot_demo//launch/mbot_moveit_realmove.launch.py
[2.486s] -- Symlinking: /home/aman/catalyst-manipulation/install/mbot_demo/share/ament_index/resource_index/package_run_dependencies/mbot_demo
[2.519s] -- Symlinking: /home/aman/catalyst-manipulation/install/mbot_demo/share/ament_index/resource_index/parent_prefix_path/mbot_demo
[2.570s] -- Symlinking: /home/aman/catalyst-manipulation/install/mbot_demo/share/mbot_demo/environment/ament_prefix_path.sh
[2.621s] -- Symlinking: /home/aman/catalyst-manipulation/install/mbot_demo/share/mbot_demo/environment/ament_prefix_path.dsv
[2.710s] -- Symlinking: /home/aman/catalyst-manipulation/install/mbot_demo/share/mbot_demo/environment/path.sh
[2.762s] -- Symlinking: /home/aman/catalyst-manipulation/install/mbot_demo/share/mbot_demo/environment/path.dsv
[2.821s] -- Symlinking: /home/aman/catalyst-manipulation/install/mbot_demo/share/mbot_demo/local_setup.bash
[2.847s] -- Symlinking: /home/aman/catalyst-manipulation/install/mbot_demo/share/mbot_demo/local_setup.sh
[2.891s] -- Symlinking: /home/aman/catalyst-manipulation/install/mbot_demo/share/mbot_demo/local_setup.zsh
[2.922s] -- Symlinking: /home/aman/catalyst-manipulation/install/mbot_demo/share/mbot_demo/local_setup.dsv
[2.962s] -- Symlinking: /home/aman/catalyst-manipulation/install/mbot_demo/share/mbot_demo/package.dsv
[2.996s] -- Symlinking: /home/aman/catalyst-manipulation/install/mbot_demo/share/ament_index/resource_index/packages/mbot_demo
[3.043s] -- Symlinking: /home/aman/catalyst-manipulation/install/mbot_demo/share/mbot_demo/cmake/mbot_demoConfig.cmake
[3.074s] -- Symlinking: /home/aman/catalyst-manipulation/install/mbot_demo/share/mbot_demo/cmake/mbot_demoConfig-version.cmake
[3.116s] -- Symlinking: /home/aman/catalyst-manipulation/install/mbot_demo/share/mbot_demo/package.xml
[3.189s] Invoked command in '/home/aman/catalyst-manipulation/build/mbot_demo' returned '0': CMAKE_PREFIX_PATH=/opt/ros/humble /usr/bin/cmake --install /home/aman/catalyst-manipulation/build/mbot_demo
