[0.398s] Invoking command in '/home/aman/catalyst-manipulation/build/description': CMAKE_PREFIX_PATH=/opt/ros/humble /usr/bin/cmake /home/aman/catalyst-manipulation/ros2_ws/src/description -DAMENT_CMAKE_SYMLINK_INSTALL=1 -DCMAKE_INSTALL_PREFIX=/home/aman/catalyst-manipulation/install/description
[0.468s] -- The C compiler identification is GNU 11.4.0
[0.559s] -- The CXX compiler identification is GNU 11.4.0
[0.571s] -- Detecting C compiler ABI info
[0.676s] -- Detecting C compiler ABI info - done
[0.689s] -- Check for working C compiler: /usr/bin/cc - skipped
[0.689s] -- Detecting C compile features
[0.689s] -- Detecting C compile features - done
[0.695s] -- Detecting CXX compiler ABI info
[0.811s] -- Detecting CXX compiler ABI info - done
[0.824s] -- Check for working CXX compiler: /usr/bin/c++ - skipped
[0.825s] -- Detecting CXX compile features
[0.825s] -- Detecting CXX compile features - done
[0.830s] -- Found ament_cmake: 1.3.12 (/opt/ros/humble/share/ament_cmake/cmake)
[1.062s] -- Found Python3: /usr/bin/python3 (found version "3.10.12") found components: Interpreter 
[1.201s] -- Override CMake install command with custom implementation using symlinks instead of copying resources
[1.495s] -- Configuring done
[1.501s] -- Generating done
[1.506s] -- Build files have been written to: /home/aman/catalyst-manipulation/build/description
[1.535s] Invoked command in '/home/aman/catalyst-manipulation/build/description' returned '0': CMAKE_PREFIX_PATH=/opt/ros/humble /usr/bin/cmake /home/aman/catalyst-manipulation/ros2_ws/src/description -DAMENT_CMAKE_SYMLINK_INSTALL=1 -DCMAKE_INSTALL_PREFIX=/home/aman/catalyst-manipulation/install/description
[1.536s] Invoking command in '/home/aman/catalyst-manipulation/build/description': CMAKE_PREFIX_PATH=/opt/ros/humble /usr/bin/cmake --build /home/aman/catalyst-manipulation/build/description -- -j16 -l16
[1.694s] Invoked command in '/home/aman/catalyst-manipulation/build/description' returned '0': CMAKE_PREFIX_PATH=/opt/ros/humble /usr/bin/cmake --build /home/aman/catalyst-manipulation/build/description -- -j16 -l16
[1.695s] Invoking command in '/home/aman/catalyst-manipulation/build/description': CMAKE_PREFIX_PATH=/opt/ros/humble /usr/bin/cmake --install /home/aman/catalyst-manipulation/build/description
[1.715s] -- Install configuration: ""
[1.717s] -- Execute custom install script
[1.723s] -- Symlinking: /home/aman/catalyst-manipulation/install/description/share/description//urdf/gazebo/gazebo_ros2_control.xacro
[1.836s] -- Symlinking: /home/aman/catalyst-manipulation/install/description/share/description//urdf/gripper/bio_gripper.gazebo.xacro
[1.853s] -- Symlinking: /home/aman/catalyst-manipulation/install/description/share/description//urdf/gripper/bio_gripper.ros2_control.xacro
[1.888s] -- Symlinking: /home/aman/catalyst-manipulation/install/description/share/description//urdf/gripper/bio_gripper.transmission.xacro
[1.906s] -- Symlinking: /home/aman/catalyst-manipulation/install/description/share/description//urdf/gripper/bio_gripper.urdf.xacro
[1.945s] -- Symlinking: /home/aman/catalyst-manipulation/install/description/share/description//urdf/gripper/bio_gripper_macro.xacro
[1.982s] -- Symlinking: /home/aman/catalyst-manipulation/install/description/share/description//urdf/gripper_and_arm/arm_gripper_combined.urdf.xacro
[2.023s] -- Symlinking: /home/aman/catalyst-manipulation/install/description/share/description//meshes/gripper/left_finger.stl
[2.052s] -- Symlinking: /home/aman/catalyst-manipulation/install/description/share/description//meshes/gripper/link_base.stl
[2.090s] -- Symlinking: /home/aman/catalyst-manipulation/install/description/share/description//meshes/gripper/right_finger.stl
[2.137s] -- Symlinking: /home/aman/catalyst-manipulation/install/description/share/description//launch/display.launch.py
[2.193s] -- Symlinking: /home/aman/catalyst-manipulation/install/description/share/ament_index/resource_index/package_run_dependencies/description
[2.218s] -- Symlinking: /home/aman/catalyst-manipulation/install/description/share/ament_index/resource_index/parent_prefix_path/description
[2.242s] -- Symlinking: /home/aman/catalyst-manipulation/install/description/share/description/environment/ament_prefix_path.sh
[2.268s] -- Symlinking: /home/aman/catalyst-manipulation/install/description/share/description/environment/ament_prefix_path.dsv
[2.303s] -- Symlinking: /home/aman/catalyst-manipulation/install/description/share/description/environment/path.sh
[2.335s] -- Symlinking: /home/aman/catalyst-manipulation/install/description/share/description/environment/path.dsv
[2.371s] -- Symlinking: /home/aman/catalyst-manipulation/install/description/share/description/local_setup.bash
[2.416s] -- Symlinking: /home/aman/catalyst-manipulation/install/description/share/description/local_setup.sh
[2.435s] -- Symlinking: /home/aman/catalyst-manipulation/install/description/share/description/local_setup.zsh
[2.482s] -- Symlinking: /home/aman/catalyst-manipulation/install/description/share/description/local_setup.dsv
[2.594s] -- Symlinking: /home/aman/catalyst-manipulation/install/description/share/description/package.dsv
[2.635s] -- Symlinking: /home/aman/catalyst-manipulation/install/description/share/ament_index/resource_index/packages/description
[2.681s] -- Symlinking: /home/aman/catalyst-manipulation/install/description/share/description/cmake/descriptionConfig.cmake
[2.732s] -- Symlinking: /home/aman/catalyst-manipulation/install/description/share/description/cmake/descriptionConfig-version.cmake
[2.749s] -- Symlinking: /home/aman/catalyst-manipulation/install/description/share/description/package.xml
[2.808s] Invoked command in '/home/aman/catalyst-manipulation/build/description' returned '0': CMAKE_PREFIX_PATH=/opt/ros/humble /usr/bin/cmake --install /home/aman/catalyst-manipulation/build/description
