[0.408s] Invoking command in '/home/aman/catalyst-manipulation/build/realsense_gazebo_plugin': CMAKE_PREFIX_PATH=/opt/ros/humble /usr/bin/cmake /home/aman/catalyst-manipulation/ros2_ws/src/external/xarm_ros2/thirdparty/realsense_gazebo_plugin -DAMENT_CMAKE_SYMLINK_INSTALL=1 -DCMAKE_INSTALL_PREFIX=/home/aman/catalyst-manipulation/install/realsense_gazebo_plugin
[0.482s] -- The C compiler identification is GNU 11.4.0
[0.564s] -- The CXX compiler identification is GNU 11.4.0
[0.574s] -- Detecting C compiler ABI info
[0.679s] -- Detecting C compiler ABI info - done
[0.694s] -- Check for working C compiler: /usr/bin/cc - skipped
[0.695s] -- Detecting C compile features
[0.696s] -- Detecting C compile features - done
[0.701s] -- Detecting CXX compiler ABI info
[0.821s] -- Detecting CXX compiler ABI info - done
[0.835s] -- Check for working CXX compiler: /usr/bin/c++ - skipped
[0.835s] -- Detecting CXX compile features
[0.836s] -- Detecting CXX compile features - done
[0.840s] -- Found ament_cmake: 1.3.12 (/opt/ros/humble/share/ament_cmake/cmake)
[1.041s] -- Found Python3: /usr/bin/python3 (found version "3.10.12") found components: Interpreter 
[1.191s] -- Override CMake install command with custom implementation using symlinks instead of copying resources
[1.326s] -- Found rclcpp: 16.0.17 (/opt/ros/humble/share/rclcpp/cmake)
[1.578s] -- Found rosidl_generator_c: 3.1.8 (/opt/ros/humble/share/rosidl_generator_c/cmake)
[1.612s] -- Found rosidl_adapter: 3.1.8 (/opt/ros/humble/share/rosidl_adapter/cmake)
[1.652s] -- Found rosidl_generator_cpp: 3.1.8 (/opt/ros/humble/share/rosidl_generator_cpp/cmake)
[1.707s] -- Using all available rosidl_typesupport_c: rosidl_typesupport_fastrtps_c;rosidl_typesupport_introspection_c
[1.785s] -- Using all available rosidl_typesupport_cpp: rosidl_typesupport_fastrtps_cpp;rosidl_typesupport_introspection_cpp
[2.035s] -- Found rmw_implementation_cmake: 6.1.2 (/opt/ros/humble/share/rmw_implementation_cmake/cmake)
[2.045s] -- Found rmw_fastrtps_cpp: 6.2.9 (/opt/ros/humble/share/rmw_fastrtps_cpp/cmake)
[2.496s] -- Found OpenSSL: /usr/lib/x86_64-linux-gnu/libcrypto.so (found version "3.0.2")  
[2.629s] -- Found FastRTPS: /opt/ros/foxy/include  
[2.817s] -- Using RMW implementation 'rmw_fastrtps_cpp' as default
[2.850s] -- Looking for pthread.h
[3.197s] -- Looking for pthread.h - found
[3.197s] -- Performing Test CMAKE_HAVE_LIBC_PTHREAD
[3.682s] -- Performing Test CMAKE_HAVE_LIBC_PTHREAD - Success
[3.688s] -- Found Threads: TRUE  
[3.977s] -- Found gazebo_ros: 3.9.0 (/opt/ros/humble/share/gazebo_ros/cmake)
[4.040s] -- Found PkgConfig: /usr/bin/pkg-config (found version "0.29.2") 
[4.048s] -- Checking for module 'bullet>=2.82'
[4.133s] --   Found bullet, version 3.05
[4.668s] -- Found fcl: /usr/include (found suitable version "0.7.0", minimum required is "0.5.0") 
[4.967s] -- Found assimp: /usr/include (found version "5.2.0") 
[5.044s] -- Found DART: /usr/include (Required is at least version "6.6") found components: dart 
[5.172s] -- Found Boost: /usr/lib/x86_64-linux-gnu/cmake/Boost-1.74.0/BoostConfig.cmake (found suitable version "1.74.0", minimum required is "1.40.0") found components: thread system filesystem program_options regex iostreams date_time 
[5.244s] -- Found Protobuf: /usr/lib/x86_64-linux-gnu/libprotobuf.so (found version "3.12.4") 
[5.293s] -- Looking for ignition-math6 -- found version 6.15.1
[5.316s] -- Searching for dependencies of ignition-math6
[5.323s] -- Looking for OGRE...
[5.324s] -- OGRE_PREFIX_WATCH changed.
[5.350s] -- Checking for module 'OGRE'
[5.420s] --   Found OGRE, version 1.9.0
[5.530s] -- Found Ogre Ghadamon (1.9.0)
[5.554s] -- Found OGRE: optimized;/usr/lib/x86_64-linux-gnu/libOgreMain.so;debug;/usr/lib/x86_64-linux-gnu/libOgreMain.so
[5.573s] -- Looking for OGRE_Paging...
[5.591s] -- Found OGRE_Paging: optimized;/usr/lib/x86_64-linux-gnu/libOgrePaging.so;debug;/usr/lib/x86_64-linux-gnu/libOgrePaging.so
[5.591s] -- Looking for OGRE_Terrain...
[5.607s] -- Found OGRE_Terrain: optimized;/usr/lib/x86_64-linux-gnu/libOgreTerrain.so;debug;/usr/lib/x86_64-linux-gnu/libOgreTerrain.so
[5.608s] -- Looking for OGRE_Property...
[5.625s] -- Found OGRE_Property: optimized;/usr/lib/x86_64-linux-gnu/libOgreProperty.so;debug;/usr/lib/x86_64-linux-gnu/libOgreProperty.so
[5.625s] -- Looking for OGRE_RTShaderSystem...
[5.643s] -- Found OGRE_RTShaderSystem: optimized;/usr/lib/x86_64-linux-gnu/libOgreRTShaderSystem.so;debug;/usr/lib/x86_64-linux-gnu/libOgreRTShaderSystem.so
[5.643s] -- Looking for OGRE_Volume...
[5.660s] -- Found OGRE_Volume: optimized;/usr/lib/x86_64-linux-gnu/libOgreVolume.so;debug;/usr/lib/x86_64-linux-gnu/libOgreVolume.so
[5.664s] -- Looking for OGRE_Overlay...
[5.682s] -- Found OGRE_Overlay: optimized;/usr/lib/x86_64-linux-gnu/libOgreOverlay.so;debug;/usr/lib/x86_64-linux-gnu/libOgreOverlay.so
[6.030s] -- Looking for ignition-math6 -- found version 6.15.1
[6.036s] -- Looking for ignition-transport8 -- found version 8.2.1
[6.036s] -- Searching for dependencies of ignition-transport8
[6.076s] -- Found Protobuf: /usr/lib/x86_64-linux-gnu/libprotobuf.so (found suitable version "3.12.4", minimum required is "3") 
[6.098s] -- Config-file not installed for ZeroMQ -- checking for pkg-config
[6.112s] -- Checking for module 'libzmq >= 4'
[6.155s] --   Found libzmq , version 4.3.4
[6.293s] -- Found ZeroMQ: TRUE (Required is at least version "4") 
[6.306s] -- Checking for module 'uuid'
[6.342s] --   Found uuid, version 2.37.2
[6.457s] -- Found UUID: TRUE  
[6.465s] -- Looking for ignition-msgs5 -- found version 5.8.1
[6.467s] -- Searching for dependencies of ignition-msgs5
[6.511s] -- Looking for ignition-math6 -- found version 6.15.1
[6.524s] -- Checking for module 'tinyxml2'
[6.562s] --   Found tinyxml2, version 9.0.0
[6.669s] -- Looking for ignition-msgs5 -- found version 5.8.1
[6.675s] -- Looking for ignition-common3 -- found version 3.14.0
[6.676s] -- Searching for dependencies of ignition-common3
[6.677s] -- Looking for dlfcn.h - found
[6.680s] -- Looking for libdl - found
[6.683s] -- Found DL: TRUE  
[6.721s] -- Found tinyobjloader: /usr/lib/x86_64-linux-gnu/cmake/tinyobjloader/tinyobjloader-config.cmake (found version "2.0.0") 
[6.721s] -- Searching for <ignition-common3> component [graphics]
[6.727s] -- Looking for ignition-common3-graphics -- found version 3.14.0
[6.729s] -- Searching for dependencies of ignition-common3-graphics
[6.729s] -- Looking for ignition-math6 -- found version 6.15.1
[6.741s] -- Looking for ignition-fuel_tools4 -- found version 4.4.0
[6.741s] -- Searching for dependencies of ignition-fuel_tools4
[6.973s] -- Found CURL: /usr/lib/x86_64-linux-gnu/libcurl.so (found version "7.81.0")  
[6.991s] -- Checking for module 'jsoncpp'
[7.029s] --   Found jsoncpp, version 1.9.5
[7.156s] -- Found JSONCPP: TRUE  
[7.181s] -- Checking for module 'libzip'
[7.250s] --   Found libzip, version 1.7.3
[7.383s] -- Found ZIP: TRUE  
[7.383s] -- Looking for ignition-common3 -- found version 3.14.0
[7.384s] -- Looking for ignition-math6 -- found version 6.15.1
[7.384s] -- Looking for ignition-msgs5 -- found version 5.8.1
[7.390s] -- Gazebo version: 11.10
[7.390s] -- Checking for module 'tbb'
[7.436s] --   Found tbb, version 2021.5.0
[7.529s] -- Found image_transport: 3.1.12 (/opt/ros/humble/share/image_transport/cmake)
[7.635s] -- Found camera_info_manager: 3.1.12 (/opt/ros/humble/share/camera_info_manager/cmake)
[7.659s] -- Found ament_lint_auto: 0.12.14 (/opt/ros/humble/share/ament_lint_auto/cmake)
[7.780s] -- Configuring done
[7.829s] -- Generating done
[7.840s] -- Build files have been written to: /home/aman/catalyst-manipulation/build/realsense_gazebo_plugin
[7.879s] Invoked command in '/home/aman/catalyst-manipulation/build/realsense_gazebo_plugin' returned '0': CMAKE_PREFIX_PATH=/opt/ros/humble /usr/bin/cmake /home/aman/catalyst-manipulation/ros2_ws/src/external/xarm_ros2/thirdparty/realsense_gazebo_plugin -DAMENT_CMAKE_SYMLINK_INSTALL=1 -DCMAKE_INSTALL_PREFIX=/home/aman/catalyst-manipulation/install/realsense_gazebo_plugin
[7.886s] Invoking command in '/home/aman/catalyst-manipulation/build/realsense_gazebo_plugin': CMAKE_PREFIX_PATH=/opt/ros/humble /usr/bin/cmake --build /home/aman/catalyst-manipulation/build/realsense_gazebo_plugin -- -j16 -l16
[7.966s] [ 33%] [32mBuilding CXX object CMakeFiles/realsense_gazebo_plugin.dir/src/gazebo_ros_realsense.cpp.o[0m
[7.967s] [ 66%] [32mBuilding CXX object CMakeFiles/realsense_gazebo_plugin.dir/src/RealSensePlugin.cpp.o[0m
