[0.030s] Invoking command in '/home/aman/catalyst-manipulation/build/moveit_config': AMENT_PREFIX_PATH=/home/aman/catalyst-manipulation/install/description:${AMENT_PREFIX_PATH} CMAKE_PREFIX_PATH=/home/aman/catalyst-manipulation/install/description:/opt/ros/humble /usr/bin/cmake /home/aman/catalyst-manipulation/ros2_ws/src/moveit_config -DAMENT_CMAKE_SYMLINK_INSTALL=1 -DCMAKE_INSTALL_PREFIX=/home/aman/catalyst-manipulation/install/moveit_config
[0.276s] -- The C compiler identification is GNU 11.4.0
[0.549s] -- The CXX compiler identification is GNU 11.4.0
[0.581s] -- Detecting C compiler ABI info
[0.951s] -- Detecting C compiler ABI info - done
[0.980s] -- Check for working C compiler: /usr/bin/cc - skipped
[0.984s] -- Detecting C compile features
[0.986s] -- Detecting C compile features - done
[1.005s] -- Detecting CXX compiler ABI info
[1.427s] -- Detecting CXX compiler ABI info - done
[1.481s] -- Check for working CXX compiler: /usr/bin/c++ - skipped
[1.481s] -- Detecting CXX compile features
[1.482s] -- Detecting CXX compile features - done
[1.500s] -- Found ament_cmake: 1.3.12 (/opt/ros/humble/share/ament_cmake/cmake)
[2.310s] -- Found Python3: /usr/bin/python3 (found version "3.10.12") found components: Interpreter 
[2.544s] -- Override CMake install command with custom implementation using symlinks instead of copying resources
[2.612s] -- Found ament_lint_auto: 0.12.14 (/opt/ros/humble/share/ament_lint_auto/cmake)
[2.812s] -- Added test 'flake8' to check Python code syntax and style conventions
[2.813s] -- Added test 'lint_cmake' to check CMake code style
[2.814s] -- Added test 'pep257' to check Python code against some of the docstring style conventions in PEP 257
[2.816s] -- Added test 'xmllint' to check XML markup files
[2.820s] -- Configuring done
[2.826s] -- Generating done
[2.829s] -- Build files have been written to: /home/aman/catalyst-manipulation/build/moveit_config
[2.840s] Invoked command in '/home/aman/catalyst-manipulation/build/moveit_config' returned '0': AMENT_PREFIX_PATH=/home/aman/catalyst-manipulation/install/description:${AMENT_PREFIX_PATH} CMAKE_PREFIX_PATH=/home/aman/catalyst-manipulation/install/description:/opt/ros/humble /usr/bin/cmake /home/aman/catalyst-manipulation/ros2_ws/src/moveit_config -DAMENT_CMAKE_SYMLINK_INSTALL=1 -DCMAKE_INSTALL_PREFIX=/home/aman/catalyst-manipulation/install/moveit_config
[2.845s] Invoking command in '/home/aman/catalyst-manipulation/build/moveit_config': AMENT_PREFIX_PATH=/home/aman/catalyst-manipulation/install/description:${AMENT_PREFIX_PATH} CMAKE_PREFIX_PATH=/home/aman/catalyst-manipulation/install/description:/opt/ros/humble /usr/bin/cmake --build /home/aman/catalyst-manipulation/build/moveit_config -- -j16 -l16
[2.931s] Invoked command in '/home/aman/catalyst-manipulation/build/moveit_config' returned '0': AMENT_PREFIX_PATH=/home/aman/catalyst-manipulation/install/description:${AMENT_PREFIX_PATH} CMAKE_PREFIX_PATH=/home/aman/catalyst-manipulation/install/description:/opt/ros/humble /usr/bin/cmake --build /home/aman/catalyst-manipulation/build/moveit_config -- -j16 -l16
[2.932s] Invoking command in '/home/aman/catalyst-manipulation/build/moveit_config': AMENT_PREFIX_PATH=/home/aman/catalyst-manipulation/install/description:${AMENT_PREFIX_PATH} CMAKE_PREFIX_PATH=/home/aman/catalyst-manipulation/install/description:/opt/ros/humble /usr/bin/cmake --install /home/aman/catalyst-manipulation/build/moveit_config
[2.950s] -- Install configuration: ""
[2.952s] -- Execute custom install script
[2.954s] -- Symlinking: /home/aman/catalyst-manipulation/install/moveit_config/share/moveit_config/srdf/catalyst_manipulator.srdf
[2.979s] -- Symlinking: /home/aman/catalyst-manipulation/install/moveit_config/share/moveit_config/config/controllers.yaml
[3.000s] -- Symlinking: /home/aman/catalyst-manipulation/install/moveit_config/share/moveit_config/config/joint_limits.yaml
[3.021s] -- Symlinking: /home/aman/catalyst-manipulation/install/moveit_config/share/moveit_config/config/kinematics.yaml
[3.039s] -- Symlinking: /home/aman/catalyst-manipulation/install/moveit_config/share/moveit_config/config/ompl_planning.yaml
[3.066s] -- Symlinking: /home/aman/catalyst-manipulation/install/moveit_config/share/moveit_config/launch/move_group.launch.py
[3.097s] -- Symlinking: /home/aman/catalyst-manipulation/install/moveit_config/share/moveit_config/launch/moveit_rviz.launch.py
[3.114s] -- Symlinking: /home/aman/catalyst-manipulation/install/moveit_config/share/moveit_config/rviz/moveit.rviz
[3.137s] -- Symlinking: /home/aman/catalyst-manipulation/install/moveit_config/share/ament_index/resource_index/package_run_dependencies/moveit_config
[3.156s] -- Symlinking: /home/aman/catalyst-manipulation/install/moveit_config/share/ament_index/resource_index/parent_prefix_path/moveit_config
[3.182s] -- Symlinking: /home/aman/catalyst-manipulation/install/moveit_config/share/moveit_config/environment/ament_prefix_path.sh
[3.202s] -- Symlinking: /home/aman/catalyst-manipulation/install/moveit_config/share/moveit_config/environment/ament_prefix_path.dsv
[3.221s] -- Symlinking: /home/aman/catalyst-manipulation/install/moveit_config/share/moveit_config/environment/path.sh
[3.238s] -- Symlinking: /home/aman/catalyst-manipulation/install/moveit_config/share/moveit_config/environment/path.dsv
[3.256s] -- Symlinking: /home/aman/catalyst-manipulation/install/moveit_config/share/moveit_config/local_setup.bash
[3.279s] -- Symlinking: /home/aman/catalyst-manipulation/install/moveit_config/share/moveit_config/local_setup.sh
[3.306s] -- Symlinking: /home/aman/catalyst-manipulation/install/moveit_config/share/moveit_config/local_setup.zsh
[3.354s] -- Symlinking: /home/aman/catalyst-manipulation/install/moveit_config/share/moveit_config/local_setup.dsv
[3.377s] -- Symlinking: /home/aman/catalyst-manipulation/install/moveit_config/share/moveit_config/package.dsv
[3.397s] -- Symlinking: /home/aman/catalyst-manipulation/install/moveit_config/share/ament_index/resource_index/packages/moveit_config
[3.418s] -- Symlinking: /home/aman/catalyst-manipulation/install/moveit_config/share/moveit_config/cmake/moveit_configConfig.cmake
[3.435s] -- Symlinking: /home/aman/catalyst-manipulation/install/moveit_config/share/moveit_config/cmake/moveit_configConfig-version.cmake
[3.461s] -- Symlinking: /home/aman/catalyst-manipulation/install/moveit_config/share/moveit_config/package.xml
[3.499s] Invoked command in '/home/aman/catalyst-manipulation/build/moveit_config' returned '0': AMENT_PREFIX_PATH=/home/aman/catalyst-manipulation/install/description:${AMENT_PREFIX_PATH} CMAKE_PREFIX_PATH=/home/aman/catalyst-manipulation/install/description:/opt/ros/humble /usr/bin/cmake --install /home/aman/catalyst-manipulation/build/moveit_config
